Archive member included to satisfy reference by file (symbol)

/opt/ARM-GCC/bin/../lib/gcc/arm-none-eabi/10.3.1/../../../../arm-none-eabi/lib/thumb/v7e-m+fp/hard/libc_nano.a(lib_a-exit.o)
                              /opt/ARM-GCC/bin/../lib/gcc/arm-none-eabi/10.3.1/../../../../arm-none-eabi/lib/thumb/v7e-m+fp/hard/crt0.o (exit)
/opt/ARM-GCC/bin/../lib/gcc/arm-none-eabi/10.3.1/../../../../arm-none-eabi/lib/thumb/v7e-m+fp/hard/libc_nano.a(lib_a-impure.o)
                              /opt/ARM-GCC/bin/../lib/gcc/arm-none-eabi/10.3.1/../../../../arm-none-eabi/lib/thumb/v7e-m+fp/hard/libc_nano.a(lib_a-exit.o) (_global_impure_ptr)
/opt/ARM-GCC/bin/../lib/gcc/arm-none-eabi/10.3.1/../../../../arm-none-eabi/lib/thumb/v7e-m+fp/hard/libc_nano.a(lib_a-init.o)
                              /opt/ARM-GCC/bin/../lib/gcc/arm-none-eabi/10.3.1/../../../../arm-none-eabi/lib/thumb/v7e-m+fp/hard/crt0.o (__libc_init_array)
/opt/ARM-GCC/bin/../lib/gcc/arm-none-eabi/10.3.1/../../../../arm-none-eabi/lib/thumb/v7e-m+fp/hard/libc_nano.a(lib_a-memcpy-stub.o)
                              build/queue.o (memcpy)
/opt/ARM-GCC/bin/../lib/gcc/arm-none-eabi/10.3.1/../../../../arm-none-eabi/lib/thumb/v7e-m+fp/hard/libc_nano.a(lib_a-memset.o)
                              /opt/ARM-GCC/bin/../lib/gcc/arm-none-eabi/10.3.1/../../../../arm-none-eabi/lib/thumb/v7e-m+fp/hard/crt0.o (memset)
/opt/ARM-GCC/bin/../lib/gcc/arm-none-eabi/10.3.1/../../../../arm-none-eabi/lib/thumb/v7e-m+fp/hard/libc_nano.a(lib_a-strncmp.o)
                              build/freertos.o (strncmp)
/opt/ARM-GCC/bin/../lib/gcc/arm-none-eabi/10.3.1/../../../../arm-none-eabi/lib/thumb/v7e-m+fp/hard/libnosys.a(_exit.o)
                              /opt/ARM-GCC/bin/../lib/gcc/arm-none-eabi/10.3.1/../../../../arm-none-eabi/lib/thumb/v7e-m+fp/hard/libc_nano.a(lib_a-exit.o) (_exit)
/opt/ARM-GCC/bin/../lib/gcc/arm-none-eabi/10.3.1/thumb/v7e-m+fp/hard/libgcc.a(_aeabi_uldivmod.o)
                              build/stm32f4xx_hal_rcc.o (__aeabi_uldivmod)
/opt/ARM-GCC/bin/../lib/gcc/arm-none-eabi/10.3.1/thumb/v7e-m+fp/hard/libgcc.a(_udivmoddi4.o)
                              /opt/ARM-GCC/bin/../lib/gcc/arm-none-eabi/10.3.1/thumb/v7e-m+fp/hard/libgcc.a(_aeabi_uldivmod.o) (__udivmoddi4)
/opt/ARM-GCC/bin/../lib/gcc/arm-none-eabi/10.3.1/thumb/v7e-m+fp/hard/libgcc.a(_dvmd_tls.o)
                              /opt/ARM-GCC/bin/../lib/gcc/arm-none-eabi/10.3.1/thumb/v7e-m+fp/hard/libgcc.a(_aeabi_uldivmod.o) (__aeabi_ldiv0)

Discarded input sections

 .text          0x0000000000000000        0x0 /opt/ARM-GCC/bin/../lib/gcc/arm-none-eabi/10.3.1/thumb/v7e-m+fp/hard/crti.o
 .data          0x0000000000000000        0x0 /opt/ARM-GCC/bin/../lib/gcc/arm-none-eabi/10.3.1/thumb/v7e-m+fp/hard/crti.o
 .bss           0x0000000000000000        0x0 /opt/ARM-GCC/bin/../lib/gcc/arm-none-eabi/10.3.1/thumb/v7e-m+fp/hard/crti.o
 .data          0x0000000000000000        0x4 /opt/ARM-GCC/bin/../lib/gcc/arm-none-eabi/10.3.1/thumb/v7e-m+fp/hard/crtbegin.o
 .rodata        0x0000000000000000       0x24 /opt/ARM-GCC/bin/../lib/gcc/arm-none-eabi/10.3.1/thumb/v7e-m+fp/hard/crtbegin.o
 .text          0x0000000000000000       0x7c /opt/ARM-GCC/bin/../lib/gcc/arm-none-eabi/10.3.1/../../../../arm-none-eabi/lib/thumb/v7e-m+fp/hard/crt0.o
 .data          0x0000000000000000        0x0 /opt/ARM-GCC/bin/../lib/gcc/arm-none-eabi/10.3.1/../../../../arm-none-eabi/lib/thumb/v7e-m+fp/hard/crt0.o
 .bss           0x0000000000000000        0x0 /opt/ARM-GCC/bin/../lib/gcc/arm-none-eabi/10.3.1/../../../../arm-none-eabi/lib/thumb/v7e-m+fp/hard/crt0.o
 .ARM.extab     0x0000000000000000        0x0 /opt/ARM-GCC/bin/../lib/gcc/arm-none-eabi/10.3.1/../../../../arm-none-eabi/lib/thumb/v7e-m+fp/hard/crt0.o
 .ARM.exidx     0x0000000000000000       0x10 /opt/ARM-GCC/bin/../lib/gcc/arm-none-eabi/10.3.1/../../../../arm-none-eabi/lib/thumb/v7e-m+fp/hard/crt0.o
 .ARM.attributes
                0x0000000000000000       0x1c /opt/ARM-GCC/bin/../lib/gcc/arm-none-eabi/10.3.1/../../../../arm-none-eabi/lib/thumb/v7e-m+fp/hard/crt0.o
 .text          0x0000000000000000        0x0 build/main.o
 .data          0x0000000000000000        0x0 build/main.o
 .bss           0x0000000000000000        0x0 build/main.o
 .text          0x0000000000000000        0x0 build/gpio.o
 .data          0x0000000000000000        0x0 build/gpio.o
 .bss           0x0000000000000000        0x0 build/gpio.o
 .text          0x0000000000000000        0x0 build/freertos.o
 .data          0x0000000000000000        0x0 build/freertos.o
 .bss           0x0000000000000000        0x0 build/freertos.o
 .text          0x0000000000000000        0x0 build/usart.o
 .data          0x0000000000000000        0x0 build/usart.o
 .bss           0x0000000000000000        0x0 build/usart.o
 .text.HAL_UART_MspDeInit
                0x0000000000000000       0x34 build/usart.o
 .text          0x0000000000000000        0x0 build/stm32f4xx_it.o
 .data          0x0000000000000000        0x0 build/stm32f4xx_it.o
[...]
Memory Configuration

Name             Origin             Length             Attributes
RAM              0x0000000020000000 0x0000000000020000 xrw
CCMRAM           0x0000000010000000 0x0000000000010000 xrw
FLASH            0x0000000008000000 0x0000000000080000 xr
*default*        0x0000000000000000 0xffffffffffffffff

Linker script and memory map

LOAD /opt/ARM-GCC/bin/../lib/gcc/arm-none-eabi/10.3.1/thumb/v7e-m+fp/hard/crti.o
LOAD /opt/ARM-GCC/bin/../lib/gcc/arm-none-eabi/10.3.1/thumb/v7e-m+fp/hard/crtbegin.o
LOAD /opt/ARM-GCC/bin/../lib/gcc/arm-none-eabi/10.3.1/../../../../arm-none-eabi/lib/thumb/v7e-m+fp/hard/crt0.o
LOAD build/main.o
LOAD build/gpio.o
LOAD build/freertos.o
LOAD build/usart.o
LOAD build/stm32f4xx_it.o
LOAD build/stm32f4xx_hal_msp.o
LOAD build/stm32f4xx_hal_timebase_tim.o
LOAD build/stm32f4xx_hal_rcc.o
LOAD build/stm32f4xx_hal_rcc_ex.o
LOAD build/stm32f4xx_hal_flash.o
LOAD build/stm32f4xx_hal_flash_ex.o
LOAD build/stm32f4xx_hal_flash_ramfunc.o
LOAD build/stm32f4xx_hal_gpio.o
LOAD build/stm32f4xx_hal_dma_ex.o
LOAD build/stm32f4xx_hal_dma.o
LOAD build/stm32f4xx_hal_pwr.o
LOAD build/stm32f4xx_hal_pwr_ex.o
LOAD build/stm32f4xx_hal_cortex.o
LOAD build/stm32f4xx_hal.o
LOAD build/stm32f4xx_hal_exti.o
LOAD build/stm32f4xx_hal_tim.o
LOAD build/stm32f4xx_hal_tim_ex.o
LOAD build/stm32f4xx_hal_uart.o
LOAD build/system_stm32f4xx.o
LOAD build/croutine.o
LOAD build/event_groups.o
LOAD build/list.o
LOAD build/queue.o
LOAD build/stream_buffer.o
LOAD build/tasks.o
LOAD build/timers.o
LOAD build/cmsis_os.o
LOAD build/heap_4.o
LOAD build/port.o
LOAD build/startup_stm32f407xx.o
LOAD /opt/ARM-GCC/bin/../lib/gcc/arm-none-eabi/10.3.1/../../../../arm-none-eabi/lib/thumb/v7e-m+fp/hard/libc_nano.a
LOAD /opt/ARM-GCC/bin/../lib/gcc/arm-none-eabi/10.3.1/../../../../arm-none-eabi/lib/thumb/v7e-m+fp/hard/libm.a
LOAD /opt/ARM-GCC/bin/../lib/gcc/arm-none-eabi/10.3.1/../../../../arm-none-eabi/lib/thumb/v7e-m+fp/hard/libnosys.a
START GROUP
LOAD /opt/ARM-GCC/bin/../lib/gcc/arm-none-eabi/10.3.1/thumb/v7e-m+fp/hard/libgcc.a
LOAD /opt/ARM-GCC/bin/../lib/gcc/arm-none-eabi/10.3.1/../../../../arm-none-eabi/lib/thumb/v7e-m+fp/hard/libc_nano.a
END GROUP
START GROUP
LOAD /opt/ARM-GCC/bin/../lib/gcc/arm-none-eabi/10.3.1/thumb/v7e-m+fp/hard/libgcc.a
LOAD /opt/ARM-GCC/bin/../lib/gcc/arm-none-eabi/10.3.1/../../../../arm-none-eabi/lib/thumb/v7e-m+fp/hard/libc_nano.a
END GROUP
LOAD /opt/ARM-GCC/bin/../lib/gcc/arm-none-eabi/10.3.1/thumb/v7e-m+fp/hard/crtend.o
LOAD /opt/ARM-GCC/bin/../lib/gcc/arm-none-eabi/10.3.1/thumb/v7e-m+fp/hard/crtn.o
                0x0000000020020000                _estack = (ORIGIN (RAM) + LENGTH (RAM))
                0x0000000000000200                _Min_Heap_Size = 0x200
                0x0000000000000400                _Min_Stack_Size = 0x400

.isr_vector     0x0000000008000000      0x188
                0x0000000008000000                . = ALIGN (0x4)
 *(.isr_vector)
 .isr_vector    0x0000000008000000      0x188 build/startup_stm32f407xx.o
                0x0000000008000000                g_pfnVectors
                0x0000000008000188                . = ALIGN (0x4)

.text           0x0000000008000190     0x2a0c
                0x0000000008000190                . = ALIGN (0x4)
 *(.text)
 .text          0x0000000008000190       0x40 /opt/ARM-GCC/bin/../lib/gcc/arm-none-eabi/10.3.1/thumb/v7e-m+fp/hard/crtbegin.o
 .text          0x00000000080001d0       0x30 /opt/ARM-GCC/bin/../lib/gcc/arm-none-eabi/10.3.1/thumb/v7e-m+fp/hard/libgcc.a(_aeabi_uldivmod.o)
                0x00000000080001d0                __aeabi_uldivmod
 .text          0x0000000008000200      0x2d0 /opt/ARM-GCC/bin/../lib/gcc/arm-none-eabi/10.3.1/thumb/v7e-m+fp/hard/libgcc.a(_udivmoddi4.o)
                0x0000000008000200                __udivmoddi4
 .text          0x00000000080004d0        0x4 /opt/ARM-GCC/bin/../lib/gcc/arm-none-eabi/10.3.1/thumb/v7e-m+fp/hard/libgcc.a(_dvmd_tls.o)
                0x00000000080004d0                __aeabi_ldiv0
                0x00000000080004d0                __aeabi_idiv0
 *(.text*)
 .text.HAL_TIM_PeriodElapsedCallback
                0x00000000080004d4       0x18 build/main.o
                0x00000000080004d4                HAL_TIM_PeriodElapsedCallback
 .text.Error_Handler
                0x00000000080004ec        0x4 build/main.o
                0x00000000080004ec                Error_Handler
 .text.SystemClock_Config
                0x00000000080004f0       0xa8 build/main.o
                0x00000000080004f0                SystemClock_Config
 .text.main     0x0000000008000598       0x1c build/main.o
                0x0000000008000598                main
 .text.MX_GPIO_Init
                0x00000000080005b4       0x68 build/gpio.o
                0x00000000080005b4                MX_GPIO_Init
 .text.ledOnTask_init
                0x000000000800061c        0xa build/freertos.o
                0x000000000800061c                ledOnTask_init
 .text.ledOffTask_init
                0x0000000008000626        0xa build/freertos.o
                0x0000000008000626                ledOffTask_init
 .text.ledBlinkTask_init
                0x0000000008000630        0xa build/freertos.o
                0x0000000008000630                ledBlinkTask_init
 *fill*         0x000000000800063a        0x2 
 .text.vApplicationGetIdleTaskMemory
                0x000000000800063c       0x18 build/freertos.o
                0x000000000800063c                vApplicationGetIdleTaskMemory
 .text.MX_FREERTOS_Init
                0x0000000008000654       0x98 build/freertos.o
                0x0000000008000654                MX_FREERTOS_Init
 .text.HAL_UART_RxCpltCallback
                0x00000000080006ec       0x34 build/freertos.o
                0x00000000080006ec                HAL_UART_RxCpltCallback
 .text.MX_USART1_UART_Init
                0x0000000008000720       0x34 build/usart.o
                0x0000000008000720                MX_USART1_UART_Init
 .text.HAL_UART_MspInit
                0x0000000008000754       0x80 build/usart.o
                0x0000000008000754                HAL_UART_MspInit
 .text.NMI_Handler
                0x00000000080007d4        0x2 build/stm32f4xx_it.o
                0x00000000080007d4                NMI_Handler
 .text.HardFault_Handler
                0x00000000080007d6        0x2 build/stm32f4xx_it.o
                0x00000000080007d6                HardFault_Handler
 .text.MemManage_Handler
                0x00000000080007d8        0x2 build/stm32f4xx_it.o
                0x00000000080007d8                MemManage_Handler
 .text.BusFault_Handler
                0x00000000080007da        0x2 build/stm32f4xx_it.o
                0x00000000080007da                BusFault_Handler
 .text.UsageFault_Handler
                0x00000000080007dc        0x2 build/stm32f4xx_it.o
                0x00000000080007dc                UsageFault_Handler
 .text.DebugMon_Handler
                0x00000000080007de        0x2 build/stm32f4xx_it.o
                0x00000000080007de                DebugMon_Handler
 .text.TIM1_UP_TIM10_IRQHandler
                0x00000000080007e0       0x10 build/stm32f4xx_it.o
                0x00000000080007e0                TIM1_UP_TIM10_IRQHandler
 .text.USART1_IRQHandler
                0x00000000080007f0       0x10 build/stm32f4xx_it.o
                0x00000000080007f0                USART1_IRQHandler
 .text.HAL_MspInit
                0x0000000008000800       0x44 build/stm32f4xx_hal_msp.o
                0x0000000008000800                HAL_MspInit
 .text.HAL_InitTick
                0x0000000008000844       0x98 build/stm32f4xx_hal_timebase_tim.o
                0x0000000008000844                HAL_InitTick
 .text.HAL_RCC_OscConfig
                0x00000000080008dc      0x3f8 build/stm32f4xx_hal_rcc.o
                0x00000000080008dc                HAL_RCC_OscConfig
 .text.HAL_RCC_GetSysClockFreq
                0x0000000008000cd4       0xd4 build/stm32f4xx_hal_rcc.o
                0x0000000008000cd4                HAL_RCC_GetSysClockFreq
 .text.HAL_RCC_ClockConfig
                0x0000000008000da8      0x160 build/stm32f4xx_hal_rcc.o
                0x0000000008000da8                HAL_RCC_ClockConfig
 .text.HAL_RCC_GetHCLKFreq
                0x0000000008000f08        0xc build/stm32f4xx_hal_rcc.o
                0x0000000008000f08                HAL_RCC_GetHCLKFreq
 .text.HAL_RCC_GetPCLK1Freq
                0x0000000008000f14       0x20 build/stm32f4xx_hal_rcc.o
                0x0000000008000f14                HAL_RCC_GetPCLK1Freq
 .text.HAL_RCC_GetPCLK2Freq
                0x0000000008000f34       0x20 build/stm32f4xx_hal_rcc.o
                0x0000000008000f34                HAL_RCC_GetPCLK2Freq
 .text.HAL_RCC_GetClockConfig
                0x0000000008000f54       0x3c build/stm32f4xx_hal_rcc.o
                0x0000000008000f54                HAL_RCC_GetClockConfig
 .text.HAL_GPIO_Init
                0x0000000008000f90      0x1e4 build/stm32f4xx_hal_gpio.o
                0x0000000008000f90                HAL_GPIO_Init
 .text.HAL_GPIO_WritePin
                0x0000000008001174        0xc build/stm32f4xx_hal_gpio.o
                0x0000000008001174                HAL_GPIO_WritePin
 .text.HAL_DMA_Abort
                0x0000000008001180       0x94 build/stm32f4xx_hal_dma.o
                0x0000000008001180                HAL_DMA_Abort
 .text.HAL_DMA_Abort_IT
                0x0000000008001214       0x26 build/stm32f4xx_hal_dma.o
                0x0000000008001214                HAL_DMA_Abort_IT
 *fill*         0x000000000800123a        0x2 
 .text.HAL_NVIC_SetPriorityGrouping
                0x000000000800123c       0x24 build/stm32f4xx_hal_cortex.o
                0x000000000800123c                HAL_NVIC_SetPriorityGrouping
 .text.HAL_NVIC_SetPriority
                0x0000000008001260       0x70 build/stm32f4xx_hal_cortex.o
                0x0000000008001260                HAL_NVIC_SetPriority
 .text.HAL_NVIC_EnableIRQ
                0x00000000080012d0       0x1c build/stm32f4xx_hal_cortex.o
                0x00000000080012d0                HAL_NVIC_EnableIRQ
 .text.HAL_Init
                0x00000000080012ec       0x34 build/stm32f4xx_hal.o
                0x00000000080012ec                HAL_Init
 .text.HAL_IncTick
                0x0000000008001320       0x18 build/stm32f4xx_hal.o
                0x0000000008001320                HAL_IncTick
 .text.HAL_GetTick
                0x0000000008001338        0xc build/stm32f4xx_hal.o
                0x0000000008001338                HAL_GetTick
 .text.HAL_TIM_Base_MspInit
                0x0000000008001344        0x2 build/stm32f4xx_hal_tim.o
                0x0000000008001344                HAL_TIM_Base_MspInit
 *fill*         0x0000000008001346        0x2 
 .text.HAL_TIM_Base_Start_IT
                0x0000000008001348       0x88 build/stm32f4xx_hal_tim.o
                0x0000000008001348                HAL_TIM_Base_Start_IT
 .text.HAL_TIM_OC_DelayElapsedCallback
                0x00000000080013d0        0x2 build/stm32f4xx_hal_tim.o
                0x00000000080013d0                HAL_TIM_OC_DelayElapsedCallback
 .text.HAL_TIM_IC_CaptureCallback
                0x00000000080013d2        0x2 build/stm32f4xx_hal_tim.o
                0x00000000080013d2                HAL_TIM_IC_CaptureCallback
 .text.HAL_TIM_PWM_PulseFinishedCallback
                0x00000000080013d4        0x2 build/stm32f4xx_hal_tim.o
                0x00000000080013d4                HAL_TIM_PWM_PulseFinishedCallback
 .text.HAL_TIM_TriggerCallback
                0x00000000080013d6        0x2 build/stm32f4xx_hal_tim.o
                0x00000000080013d6                HAL_TIM_TriggerCallback
 .text.HAL_TIM_IRQHandler
                0x00000000080013d8      0x17a build/stm32f4xx_hal_tim.o
                0x00000000080013d8                HAL_TIM_IRQHandler
 *fill*         0x0000000008001552        0x2 
 .text.TIM_Base_SetConfig
                0x0000000008001554       0xc8 build/stm32f4xx_hal_tim.o
                0x0000000008001554                TIM_Base_SetConfig
 .text.HAL_TIM_Base_Init
                0x000000000800161c       0x58 build/stm32f4xx_hal_tim.o
                0x000000000800161c                HAL_TIM_Base_Init
 .text.HAL_TIMEx_CommutCallback
                0x0000000008001674        0x2 build/stm32f4xx_hal_tim_ex.o
                0x0000000008001674                HAL_TIMEx_CommutCallback
 .text.HAL_TIMEx_BreakCallback
                0x0000000008001676        0x2 build/stm32f4xx_hal_tim_ex.o
                0x0000000008001676                HAL_TIMEx_BreakCallback
 .text.UART_EndRxTransfer
                0x0000000008001678       0x5c build/stm32f4xx_hal_uart.o
 .text.UART_Transmit_IT
                0x00000000080016d4       0x60 build/stm32f4xx_hal_uart.o
 .text.UART_SetConfig
                0x0000000008001734      0x110 build/stm32f4xx_hal_uart.o
 .text.HAL_UART_Init
                0x0000000008001844       0x5e build/stm32f4xx_hal_uart.o
                0x0000000008001844                HAL_UART_Init
 .text.HAL_UART_TxCpltCallback
                0x00000000080018a2        0x2 build/stm32f4xx_hal_uart.o
                0x00000000080018a2                HAL_UART_TxCpltCallback
 .text.UART_EndTransmit_IT
                0x00000000080018a4       0x1a build/stm32f4xx_hal_uart.o
 .text.HAL_UART_ErrorCallback
                0x00000000080018be        0x2 build/stm32f4xx_hal_uart.o
                0x00000000080018be                HAL_UART_ErrorCallback
 .text.UART_DMAAbortOnError
                0x00000000080018c0       0x10 build/stm32f4xx_hal_uart.o
 .text.HAL_UARTEx_RxEventCallback
                0x00000000080018d0        0x2 build/stm32f4xx_hal_uart.o
                0x00000000080018d0                HAL_UARTEx_RxEventCallback
 .text.UART_Receive_IT
                0x00000000080018d2       0xe2 build/stm32f4xx_hal_uart.o
 .text.HAL_UART_IRQHandler
                0x00000000080019b4      0x280 build/stm32f4xx_hal_uart.o
                0x00000000080019b4                HAL_UART_IRQHandler
 .text.UART_Start_Receive_IT
                0x0000000008001c34       0x3a build/stm32f4xx_hal_uart.o
                0x0000000008001c34                UART_Start_Receive_IT
 .text.HAL_UART_Receive_IT
                0x0000000008001c6e       0x38 build/stm32f4xx_hal_uart.o
                0x0000000008001c6e                HAL_UART_Receive_IT
 *fill*         0x0000000008001ca6        0x2 
 .text.SystemInit
                0x0000000008001ca8       0x14 build/system_stm32f4xx.o
                0x0000000008001ca8                SystemInit
 .text.vListInitialise
                0x0000000008001cbc       0x16 build/list.o
                0x0000000008001cbc                vListInitialise
 .text.vListInitialiseItem
                0x0000000008001cd2        0x6 build/list.o
                0x0000000008001cd2                vListInitialiseItem
 .text.vListInsertEnd
                0x0000000008001cd8       0x16 build/list.o
                0x0000000008001cd8                vListInsertEnd
 .text.vListInsert
                0x0000000008001cee       0x32 build/list.o
                0x0000000008001cee                vListInsert
 .text.uxListRemove
                0x0000000008001d20       0x26 build/list.o
                0x0000000008001d20                uxListRemove
 *fill*         0x0000000008001d46        0x2 
 .text.prvResetNextTaskUnblockTime
                0x0000000008001d48       0x2c build/tasks.o
 .text.prvInitialiseNewTask
                0x0000000008001d74       0xa2 build/tasks.o
 *fill*         0x0000000008001e16        0x2 
 .text.prvInitialiseTaskLists
                0x0000000008001e18       0x68 build/tasks.o
 .text.prvAddNewTaskToReadyList
                0x0000000008001e80       0xa8 build/tasks.o
 .text.prvDeleteTCB
                0x0000000008001f28       0x38 build/tasks.o
 .text.prvCheckTasksWaitingTermination
                0x0000000008001f60       0x4c build/tasks.o
 .text.prvIdleTask
                0x0000000008001fac       0x28 build/tasks.o
 .text.prvAddCurrentTaskToDelayedList
                0x0000000008001fd4       0x98 build/tasks.o
 .text.xTaskCreateStatic
                0x000000000800206c       0x76 build/tasks.o
                0x000000000800206c                xTaskCreateStatic
 .text.xTaskCreate
                0x00000000080020e2       0x68 build/tasks.o
                0x00000000080020e2                xTaskCreate
 *fill*         0x000000000800214a        0x2 
 .text.vTaskStartScheduler
                0x000000000800214c       0x74 build/tasks.o
                0x000000000800214c                vTaskStartScheduler
 .text.vTaskSuspendAll
                0x00000000080021c0       0x10 build/tasks.o
                0x00000000080021c0                vTaskSuspendAll
 .text.xTaskIncrementTick
                0x00000000080021d0      0x118 build/tasks.o
                0x00000000080021d0                xTaskIncrementTick
 .text.xTaskResumeAll
                0x00000000080022e8       0xf8 build/tasks.o
                0x00000000080022e8                xTaskResumeAll
 .text.vTaskDelay
                0x00000000080023e0       0x4c build/tasks.o
                0x00000000080023e0                vTaskDelay
 .text.vTaskSwitchContext
                0x000000000800242c       0x98 build/tasks.o
                0x000000000800242c                vTaskSwitchContext
 .text.makeFreeRtosPriority
                0x00000000080024c4        0xc build/cmsis_os.o
 .text.osKernelStart
                0x00000000080024d0        0xa build/cmsis_os.o
                0x00000000080024d0                osKernelStart
 .text.osThreadCreate
                0x00000000080024da       0x6a build/cmsis_os.o
                0x00000000080024da                osThreadCreate
 .text.osDelay  0x0000000008002544        0xe build/cmsis_os.o
                0x0000000008002544                osDelay
 *fill*         0x0000000008002552        0x2 
 .text.prvHeapInit
                0x0000000008002554       0x64 build/heap_4.o
 .text.prvInsertBlockIntoFreeList
                0x00000000080025b8       0x64 build/heap_4.o
 .text.pvPortMalloc
                0x000000000800261c       0xfc build/heap_4.o
                0x000000000800261c                pvPortMalloc
 .text.vPortFree
                0x0000000008002718       0x7c build/heap_4.o
                0x0000000008002718                vPortFree
 .text.prvTaskExitError
                0x0000000008002794       0x40 build/port.o
 .text.prvPortStartFirstTask
                0x00000000080027d4       0x28 build/port.o
 .text.vPortEnableVFP
                0x00000000080027fc       0x14 build/port.o
 .text.pxPortInitialiseStack
                0x0000000008002810       0x2c build/port.o
                0x0000000008002810                pxPortInitialiseStack
 *fill*         0x000000000800283c        0x4 
 .text.SVC_Handler
                0x0000000008002840       0x24 build/port.o
                0x0000000008002840                SVC_Handler
 .text.vPortEnterCritical
                0x0000000008002864       0x44 build/port.o
                0x0000000008002864                vPortEnterCritical
 .text.vPortExitCritical
                0x00000000080028a8       0x2c build/port.o
                0x00000000080028a8                vPortExitCritical
 *fill*         0x00000000080028d4        0xc 
 .text.PendSV_Handler
                0x00000000080028e0       0x64 build/port.o
                0x00000000080028e0                PendSV_Handler
 .text.SysTick_Handler
                0x0000000008002944       0x2c build/port.o
                0x0000000008002944                SysTick_Handler
 .text.vPortSetupTimerInterrupt
                0x0000000008002970       0x28 build/port.o
                0x0000000008002970                vPortSetupTimerInterrupt
 .text.xPortStartScheduler
                0x0000000008002998      0x118 build/port.o
                0x0000000008002998                xPortStartScheduler
 .text.Reset_Handler
                0x0000000008002ab0       0x50 build/startup_stm32f407xx.o
                0x0000000008002ab0                Reset_Handler
 .text.Default_Handler
                0x0000000008002b00        0x2 build/startup_stm32f407xx.o
                0x0000000008002b00                RTC_Alarm_IRQHandler
                0x0000000008002b00                HASH_RNG_IRQHandler
                0x0000000008002b00                EXTI2_IRQHandler
                0x0000000008002b00                TIM8_CC_IRQHandler
                0x0000000008002b00                TIM1_CC_IRQHandler
                0x0000000008002b00                DMA2_Stream5_IRQHandler
                0x0000000008002b00                DMA1_Stream5_IRQHandler
                0x0000000008002b00                PVD_IRQHandler
                0x0000000008002b00                SDIO_IRQHandler
                0x0000000008002b00                TAMP_STAMP_IRQHandler
                0x0000000008002b00                CAN2_RX1_IRQHandler
                0x0000000008002b00                EXTI3_IRQHandler
                0x0000000008002b00                TIM8_TRG_COM_TIM14_IRQHandler
                0x0000000008002b00                TIM8_UP_TIM13_IRQHandler
                0x0000000008002b00                I2C3_ER_IRQHandler
                0x0000000008002b00                EXTI0_IRQHandler
                0x0000000008002b00                I2C2_EV_IRQHandler
                0x0000000008002b00                DMA1_Stream2_IRQHandler
                0x0000000008002b00                CAN1_RX0_IRQHandler
                0x0000000008002b00                FPU_IRQHandler
                0x0000000008002b00                OTG_HS_WKUP_IRQHandler
                0x0000000008002b00                CAN2_SCE_IRQHandler
                0x0000000008002b00                DMA2_Stream2_IRQHandler
                0x0000000008002b00                SPI1_IRQHandler
                0x0000000008002b00                TIM6_DAC_IRQHandler
                0x0000000008002b00                TIM1_BRK_TIM9_IRQHandler
                0x0000000008002b00                DCMI_IRQHandler
                0x0000000008002b00                CAN2_RX0_IRQHandler
                0x0000000008002b00                DMA2_Stream3_IRQHandler
                0x0000000008002b00                USART6_IRQHandler
                0x0000000008002b00                USART3_IRQHandler
                0x0000000008002b00                CAN1_RX1_IRQHandler
                0x0000000008002b00                UART5_IRQHandler
                0x0000000008002b00                DMA2_Stream0_IRQHandler
                0x0000000008002b00                TIM4_IRQHandler
                0x0000000008002b00                I2C1_EV_IRQHandler
                0x0000000008002b00                DMA1_Stream6_IRQHandler
                0x0000000008002b00                DMA1_Stream1_IRQHandler
                0x0000000008002b00                UART4_IRQHandler
                0x0000000008002b00                TIM3_IRQHandler
                0x0000000008002b00                RCC_IRQHandler
                0x0000000008002b00                TIM8_BRK_TIM12_IRQHandler
                0x0000000008002b00                Default_Handler
                0x0000000008002b00                EXTI15_10_IRQHandler
                0x0000000008002b00                ADC_IRQHandler
                0x0000000008002b00                DMA1_Stream7_IRQHandler
                0x0000000008002b00                TIM7_IRQHandler
                0x0000000008002b00                CAN2_TX_IRQHandler
                0x0000000008002b00                TIM5_IRQHandler
                0x0000000008002b00                DMA2_Stream7_IRQHandler
                0x0000000008002b00                I2C3_EV_IRQHandler
                0x0000000008002b00                EXTI9_5_IRQHandler
                0x0000000008002b00                RTC_WKUP_IRQHandler
                0x0000000008002b00                ETH_WKUP_IRQHandler
                0x0000000008002b00                SPI2_IRQHandler
                0x0000000008002b00                OTG_HS_EP1_IN_IRQHandler
                0x0000000008002b00                DMA1_Stream0_IRQHandler
                0x0000000008002b00                CAN1_TX_IRQHandler
                0x0000000008002b00                EXTI4_IRQHandler
                0x0000000008002b00                FSMC_IRQHandler
                0x0000000008002b00                ETH_IRQHandler
                0x0000000008002b00                OTG_HS_EP1_OUT_IRQHandler
                0x0000000008002b00                WWDG_IRQHandler
                0x0000000008002b00                TIM2_IRQHandler
                0x0000000008002b00                OTG_FS_WKUP_IRQHandler
                0x0000000008002b00                TIM1_TRG_COM_TIM11_IRQHandler
                0x0000000008002b00                OTG_HS_IRQHandler
                0x0000000008002b00                EXTI1_IRQHandler
                0x0000000008002b00                USART2_IRQHandler
                0x0000000008002b00                I2C2_ER_IRQHandler
                0x0000000008002b00                DMA2_Stream1_IRQHandler
                0x0000000008002b00                CAN1_SCE_IRQHandler
                0x0000000008002b00                FLASH_IRQHandler
                0x0000000008002b00                DMA2_Stream4_IRQHandler
                0x0000000008002b00                OTG_FS_IRQHandler
                0x0000000008002b00                SPI3_IRQHandler
                0x0000000008002b00                DMA1_Stream4_IRQHandler
                0x0000000008002b00                I2C1_ER_IRQHandler
                0x0000000008002b00                DMA2_Stream6_IRQHandler
                0x0000000008002b00                DMA1_Stream3_IRQHandler
 *fill*         0x0000000008002b02        0x2 
 .text.__libc_init_array
                0x0000000008002b04       0x48 /opt/ARM-GCC/bin/../lib/gcc/arm-none-eabi/10.3.1/../../../../arm-none-eabi/lib/thumb/v7e-m+fp/hard/libc_nano.a(lib_a-init.o)
                0x0000000008002b04                __libc_init_array
 .text.memset   0x0000000008002b4c       0x10 /opt/ARM-GCC/bin/../lib/gcc/arm-none-eabi/10.3.1/../../../../arm-none-eabi/lib/thumb/v7e-m+fp/hard/libc_nano.a(lib_a-memset.o)
                0x0000000008002b4c                memset
 .text.strncmp  0x0000000008002b5c       0x28 /opt/ARM-GCC/bin/../lib/gcc/arm-none-eabi/10.3.1/../../../../arm-none-eabi/lib/thumb/v7e-m+fp/hard/libc_nano.a(lib_a-strncmp.o)
                0x0000000008002b5c                strncmp
 *(.glue_7)
 .glue_7        0x0000000008002b84        0x0 linker stubs
 *(.glue_7t)
 .glue_7t       0x0000000008002b84        0x0 linker stubs
 *(.eh_frame)
 .eh_frame      0x0000000008002b84        0x0 /opt/ARM-GCC/bin/../lib/gcc/arm-none-eabi/10.3.1/thumb/v7e-m+fp/hard/crtbegin.o
 *(.init)
 .init          0x0000000008002b84        0x4 /opt/ARM-GCC/bin/../lib/gcc/arm-none-eabi/10.3.1/thumb/v7e-m+fp/hard/crti.o
                0x0000000008002b84                _init
 .init          0x0000000008002b88        0x8 /opt/ARM-GCC/bin/../lib/gcc/arm-none-eabi/10.3.1/thumb/v7e-m+fp/hard/crtn.o
 *(.fini)
 .fini          0x0000000008002b90        0x4 /opt/ARM-GCC/bin/../lib/gcc/arm-none-eabi/10.3.1/thumb/v7e-m+fp/hard/crti.o
                0x0000000008002b90                _fini
 .fini          0x0000000008002b94        0x8 /opt/ARM-GCC/bin/../lib/gcc/arm-none-eabi/10.3.1/thumb/v7e-m+fp/hard/crtn.o
                0x0000000008002b9c                . = ALIGN (0x4)
                0x0000000008002b9c                _etext = .

.vfp11_veneer   0x0000000008002b9c        0x0
 .vfp11_veneer  0x0000000008002b9c        0x0 linker stubs

.v4_bx          0x0000000008002b9c        0x0
 .v4_bx         0x0000000008002b9c        0x0 linker stubs

.iplt           0x0000000008002b9c        0x0
 .iplt          0x0000000008002b9c        0x0 /opt/ARM-GCC/bin/../lib/gcc/arm-none-eabi/10.3.1/thumb/v7e-m+fp/hard/crtbegin.o

.rodata         0x0000000008002b9c       0xa4
                0x0000000008002b9c                . = ALIGN (0x4)
 *(.rodata)
 .rodata        0x0000000008002b9c       0x54 build/freertos.o
 *(.rodata*)
 .rodata.str1.4
                0x0000000008002bf0       0x25 build/freertos.o
 *fill*         0x0000000008002c15        0x3 
 .rodata.HAL_UART_RxCpltCallback.str1.4
                0x0000000008002c18        0x7 build/freertos.o
 *fill*         0x0000000008002c1f        0x1 
 .rodata.AHBPrescTable
                0x0000000008002c20       0x10 build/system_stm32f4xx.o
                0x0000000008002c20                AHBPrescTable
 .rodata.APBPrescTable
                0x0000000008002c30        0x8 build/system_stm32f4xx.o
                0x0000000008002c30                APBPrescTable
 .rodata.vTaskStartScheduler.str1.4
                0x0000000008002c38        0x5 build/tasks.o
                0x0000000008002c40                . = ALIGN (0x4)
 *fill*         0x0000000008002c3d        0x3 

.ARM.extab
 *(.ARM.extab* .gnu.linkonce.armextab.*)

.ARM            0x0000000008002c40        0x8
                0x0000000008002c40                __exidx_start = .
 *(.ARM.exidx*)
 .ARM.exidx     0x0000000008002c40        0x8 /opt/ARM-GCC/bin/../lib/gcc/arm-none-eabi/10.3.1/thumb/v7e-m+fp/hard/libgcc.a(_udivmoddi4.o)
                0x0000000008002c48                __exidx_end = .

.rel.dyn        0x0000000008002c48        0x0
 .rel.iplt      0x0000000008002c48        0x0 /opt/ARM-GCC/bin/../lib/gcc/arm-none-eabi/10.3.1/thumb/v7e-m+fp/hard/crtbegin.o

.preinit_array  0x0000000008002c48        0x0
                0x0000000008002c48                PROVIDE (__preinit_array_start = .)
 *(.preinit_array*)
                0x0000000008002c48                PROVIDE (__preinit_array_end = .)

.init_array     0x0000000008002c48        0x4
                0x0000000008002c48                PROVIDE (__init_array_start = .)
 *(SORT_BY_NAME(.init_array.*))
 *(.init_array*)
 .init_array    0x0000000008002c48        0x4 /opt/ARM-GCC/bin/../lib/gcc/arm-none-eabi/10.3.1/thumb/v7e-m+fp/hard/crtbegin.o
                0x0000000008002c4c                PROVIDE (__init_array_end = .)

.fini_array     0x0000000008002c4c        0x4
                [!provide]                        PROVIDE (__fini_array_start = .)
 *(SORT_BY_NAME(.fini_array.*))
 *(.fini_array*)
 .fini_array    0x0000000008002c4c        0x4 /opt/ARM-GCC/bin/../lib/gcc/arm-none-eabi/10.3.1/thumb/v7e-m+fp/hard/crtbegin.o
                [!provide]                        PROVIDE (__fini_array_end = .)
                0x0000000008002c50                _sidata = LOADADDR (.data)

.data           0x0000000020000000       0x10 load address 0x0000000008002c50
                0x0000000020000000                . = ALIGN (0x4)
                0x0000000020000000                _sdata = .
 *(.data)
 *(.data*)
 .data.uwTickFreq
                0x0000000020000000        0x1 build/stm32f4xx_hal.o
                0x0000000020000000                uwTickFreq
 *fill*         0x0000000020000001        0x3 
 .data.uwTickPrio
                0x0000000020000004        0x4 build/stm32f4xx_hal.o
                0x0000000020000004                uwTickPrio
 .data.SystemCoreClock
                0x0000000020000008        0x4 build/system_stm32f4xx.o
                0x0000000020000008                SystemCoreClock
 .data.uxCriticalNesting
                0x000000002000000c        0x4 build/port.o
                0x0000000020000010                . = ALIGN (0x4)
                0x0000000020000010                _edata = .
                0x0000000008002c60                _siccmram = LOADADDR (.ccmram)

.igot.plt       0x0000000020000010        0x0 load address 0x0000000008002c60
 .igot.plt      0x0000000020000010        0x0 /opt/ARM-GCC/bin/../lib/gcc/arm-none-eabi/10.3.1/thumb/v7e-m+fp/hard/crtbegin.o

.ccmram         0x0000000010000000        0x0 load address 0x0000000008002c60
                0x0000000010000000                . = ALIGN (0x4)
                0x0000000010000000                _sccmram = .
 *(.ccmram)
 *(.ccmram*)
                0x0000000010000000                . = ALIGN (0x4)
                0x0000000010000000                _eccmram = .
                0x0000000010000000                . = ALIGN (0x4)

.bss            0x0000000020000010     0x40cc
                0x0000000020000010                _sbss = .
                0x0000000020000010                __bss_start__ = _sbss
 *(.bss)
 .bss           0x0000000020000010       0x1c /opt/ARM-GCC/bin/../lib/gcc/arm-none-eabi/10.3.1/thumb/v7e-m+fp/hard/crtbegin.o
 *(.bss*)
 .bss.LedBlinkTaskHandle
                0x000000002000002c        0x4 build/freertos.o
                0x000000002000002c                LedBlinkTaskHandle
 .bss.LedOffTaskHandle
                0x0000000020000030        0x4 build/freertos.o
                0x0000000020000030                LedOffTaskHandle
 .bss.LedOnTaskHandle
                0x0000000020000034        0x4 build/freertos.o
                0x0000000020000034                LedOnTaskHandle
 .bss.index.0   0x0000000020000038        0x1 build/freertos.o
 *fill*         0x0000000020000039        0x3 
 .bss.rxMessege
                0x000000002000003c       0x64 build/freertos.o
                0x000000002000003c                rxMessege
 .bss.singleByte
                0x00000000200000a0        0x1 build/freertos.o
                0x00000000200000a0                singleByte
 *fill*         0x00000000200000a1        0x3 
 .bss.xIdleStack
                0x00000000200000a4      0x200 build/freertos.o
 .bss.xIdleTaskTCBBuffer
                0x00000000200002a4       0x54 build/freertos.o
 .bss.huart1    0x00000000200002f8       0x44 build/usart.o
                0x00000000200002f8                huart1
 .bss.htim1     0x000000002000033c       0x48 build/stm32f4xx_hal_timebase_tim.o
                0x000000002000033c                htim1
 .bss.uwTick    0x0000000020000384        0x4 build/stm32f4xx_hal.o
                0x0000000020000384                uwTick
 .bss.pxCurrentTCB
                0x0000000020000388        0x4 build/tasks.o
                0x0000000020000388                pxCurrentTCB
 .bss.pxDelayedTaskList
                0x000000002000038c        0x4 build/tasks.o
 .bss.pxOverflowDelayedTaskList
                0x0000000020000390        0x4 build/tasks.o
 .bss.pxReadyTasksLists
                0x0000000020000394       0x8c build/tasks.o
 .bss.uxCurrentNumberOfTasks
                0x0000000020000420        0x4 build/tasks.o
 .bss.uxDeletedTasksWaitingCleanUp
                0x0000000020000424        0x4 build/tasks.o
 .bss.uxSchedulerSuspended
                0x0000000020000428        0x4 build/tasks.o
 .bss.uxTaskNumber
                0x000000002000042c        0x4 build/tasks.o
 .bss.uxTopReadyPriority
                0x0000000020000430        0x4 build/tasks.o
 .bss.xDelayedTaskList1
                0x0000000020000434       0x14 build/tasks.o
 .bss.xDelayedTaskList2
                0x0000000020000448       0x14 build/tasks.o
 .bss.xIdleTaskHandle
                0x000000002000045c        0x4 build/tasks.o
 .bss.xNextTaskUnblockTime
                0x0000000020000460        0x4 build/tasks.o
 .bss.xNumOfOverflows
                0x0000000020000464        0x4 build/tasks.o
 .bss.xPendedTicks
                0x0000000020000468        0x4 build/tasks.o
 .bss.xPendingReadyList
                0x000000002000046c       0x14 build/tasks.o
 .bss.xSchedulerRunning
                0x0000000020000480        0x4 build/tasks.o
 .bss.xSuspendedTaskList
                0x0000000020000484       0x14 build/tasks.o
 .bss.xTasksWaitingTermination
                0x0000000020000498       0x14 build/tasks.o
 .bss.xTickCount
                0x00000000200004ac        0x4 build/tasks.o
 .bss.xYieldPending
                0x00000000200004b0        0x4 build/tasks.o
 .bss.pxEnd     0x00000000200004b4        0x4 build/heap_4.o
 .bss.ucHeap    0x00000000200004b8     0x3c00 build/heap_4.o
 .bss.xBlockAllocatedBit
                0x00000000200040b8        0x4 build/heap_4.o
 .bss.xFreeBytesRemaining
                0x00000000200040bc        0x4 build/heap_4.o
 .bss.xMinimumEverFreeBytesRemaining
                0x00000000200040c0        0x4 build/heap_4.o
 .bss.xNumberOfSuccessfulAllocations
                0x00000000200040c4        0x4 build/heap_4.o
 .bss.xNumberOfSuccessfulFrees
                0x00000000200040c8        0x4 build/heap_4.o
 .bss.xStart    0x00000000200040cc        0x8 build/heap_4.o
 .bss.ucMaxSysCallPriority
                0x00000000200040d4        0x1 build/port.o
 *fill*         0x00000000200040d5        0x3 
 .bss.ulMaxPRIGROUPValue
                0x00000000200040d8        0x4 build/port.o
 *(COMMON)
                0x00000000200040dc                . = ALIGN (0x4)
                0x00000000200040dc                _ebss = .
                0x00000000200040dc                __bss_end__ = _ebss

._user_heap_stack
                0x00000000200040dc      0x604
                0x00000000200040e0                . = ALIGN (0x8)
 *fill*         0x00000000200040dc        0x4 
                [!provide]                        PROVIDE (end = .)
                [!provide]                        PROVIDE (_end = .)
                0x00000000200042e0                . = (. + _Min_Heap_Size)
 *fill*         0x00000000200040e0      0x200 
                0x00000000200046e0                . = (. + _Min_Stack_Size)
 *fill*         0x00000000200042e0      0x400 
                0x00000000200046e0                . = ALIGN (0x8)

/DISCARD/
 libc.a(*)
 libm.a(*)
 libgcc.a(*)

.ARM.attributes
                0x0000000000000000       0x30
 *(.ARM.attributes)
 .ARM.attributes
                0x0000000000000000       0x1e /opt/ARM-GCC/bin/../lib/gcc/arm-none-eabi/10.3.1/thumb/v7e-m+fp/hard/crti.o
 .ARM.attributes
                0x000000000000001e       0x34 /opt/ARM-GCC/bin/../lib/gcc/arm-none-eabi/10.3.1/thumb/v7e-m+fp/hard/crtbegin.o
 .ARM.attributes
                0x0000000000000052       0x34 build/main.o
 .ARM.attributes
                0x0000000000000086       0x34 build/gpio.o
 .ARM.attributes
                0x00000000000000ba       0x34 build/freertos.o
 .ARM.attributes
                0x00000000000000ee       0x34 build/usart.o
 .ARM.attributes
                0x0000000000000122       0x34 build/stm32f4xx_it.o
 .ARM.attributes
                0x0000000000000156       0x34 build/stm32f4xx_hal_msp.o
 .ARM.attributes
                0x000000000000018a       0x34 build/stm32f4xx_hal_timebase_tim.o
 .ARM.attributes
                0x00000000000001be       0x34 build/stm32f4xx_hal_rcc.o
 .ARM.attributes
                0x00000000000001f2       0x34 build/stm32f4xx_hal_gpio.o
 .ARM.attributes
                0x0000000000000226       0x34 build/stm32f4xx_hal_dma.o
 .ARM.attributes
                0x000000000000025a       0x34 build/stm32f4xx_hal_cortex.o
 .ARM.attributes
                0x000000000000028e       0x34 build/stm32f4xx_hal.o
 .ARM.attributes
                0x00000000000002c2       0x34 build/stm32f4xx_hal_tim.o
 .ARM.attributes
                0x00000000000002f6       0x34 build/stm32f4xx_hal_tim_ex.o
 .ARM.attributes
                0x000000000000032a       0x34 build/stm32f4xx_hal_uart.o
 .ARM.attributes
                0x000000000000035e       0x34 build/system_stm32f4xx.o
 .ARM.attributes
                0x0000000000000392       0x34 build/list.o
 .ARM.attributes
                0x00000000000003c6       0x34 build/tasks.o
 .ARM.attributes
                0x00000000000003fa       0x34 build/cmsis_os.o
 .ARM.attributes
                0x000000000000042e       0x34 build/heap_4.o
 .ARM.attributes
                0x0000000000000462       0x34 build/port.o
 .ARM.attributes
                0x0000000000000496       0x21 build/startup_stm32f407xx.o
 .ARM.attributes
                0x00000000000004b7       0x34 /opt/ARM-GCC/bin/../lib/gcc/arm-none-eabi/10.3.1/../../../../arm-none-eabi/lib/thumb/v7e-m+fp/hard/libc_nano.a(lib_a-init.o)
 .ARM.attributes
                0x00000000000004eb       0x34 /opt/ARM-GCC/bin/../lib/gcc/arm-none-eabi/10.3.1/../../../../arm-none-eabi/lib/thumb/v7e-m+fp/hard/libc_nano.a(lib_a-memset.o)
 .ARM.attributes
                0x000000000000051f       0x34 /opt/ARM-GCC/bin/../lib/gcc/arm-none-eabi/10.3.1/../../../../arm-none-eabi/lib/thumb/v7e-m+fp/hard/libc_nano.a(lib_a-strncmp.o)
 .ARM.attributes
                0x0000000000000553       0x1e /opt/ARM-GCC/bin/../lib/gcc/arm-none-eabi/10.3.1/thumb/v7e-m+fp/hard/libgcc.a(_aeabi_uldivmod.o)
 .ARM.attributes
                0x0000000000000571       0x34 /opt/ARM-GCC/bin/../lib/gcc/arm-none-eabi/10.3.1/thumb/v7e-m+fp/hard/libgcc.a(_udivmoddi4.o)
 .ARM.attributes
                0x00000000000005a5       0x1e /opt/ARM-GCC/bin/../lib/gcc/arm-none-eabi/10.3.1/thumb/v7e-m+fp/hard/libgcc.a(_dvmd_tls.o)
 .ARM.attributes
                0x00000000000005c3       0x1e /opt/ARM-GCC/bin/../lib/gcc/arm-none-eabi/10.3.1/thumb/v7e-m+fp/hard/crtn.o
OUTPUT(build/1.Led-Controller.elf elf32-littlearm)
LOAD linker stubs
LOAD /opt/ARM-GCC/bin/../lib/gcc/arm-none-eabi/10.3.1/../../../../arm-none-eabi/lib/thumb/v7e-m+fp/hard/libc.a
LOAD /opt/ARM-GCC/bin/../lib/gcc/arm-none-eabi/10.3.1/../../../../arm-none-eabi/lib/thumb/v7e-m+fp/hard/libm.a
LOAD /opt/ARM-GCC/bin/../lib/gcc/arm-none-eabi/10.3.1/thumb/v7e-m+fp/hard/libgcc.a

.debug_info     0x0000000000000000    0x18867
 .debug_info    0x0000000000000000      0xcd9 build/main.o
 .debug_info    0x0000000000000cd9      0x4a5 build/gpio.o
 .debug_info    0x000000000000117e      0xbb8 build/freertos.o
 .debug_info    0x0000000000001d36      0xd59 build/usart.o
 .debug_info    0x0000000000002a8f      0xa93 build/stm32f4xx_it.o
 .debug_info    0x0000000000003522      0x541 build/stm32f4xx_hal_msp.o
 .debug_info    0x0000000000003a63      0xd70 build/stm32f4xx_hal_timebase_tim.o
 .debug_info    0x00000000000047d3      0xbe6 build/stm32f4xx_hal_rcc.o
 .debug_info    0x00000000000053b9      0x848 build/stm32f4xx_hal_gpio.o
 .debug_info    0x0000000000005c01      0xbd1 build/stm32f4xx_hal_dma.o
 .debug_info    0x00000000000067d2     0x1174 build/stm32f4xx_hal_cortex.o
 .debug_info    0x0000000000007946      0xacf build/stm32f4xx_hal.o
 .debug_info    0x0000000000008415     0x4061 build/stm32f4xx_hal_tim.o
 .debug_info    0x000000000000c476     0x1c6a build/stm32f4xx_hal_tim_ex.o
 .debug_info    0x000000000000e0e0     0x43e7 build/stm32f4xx_hal_uart.o
 .debug_info    0x00000000000124c7      0x5b3 build/system_stm32f4xx.o
 .debug_info    0x0000000000012a7a      0x30f build/list.o
 .debug_info    0x0000000000012d89     0x2ad1 build/tasks.o
 .debug_info    0x000000000001585a     0x2409 build/cmsis_os.o
 .debug_info    0x0000000000017c63      0x61a build/heap_4.o
 .debug_info    0x000000000001827d      0x5c8 build/port.o
 .debug_info    0x0000000000018845       0x22 build/startup_stm32f407xx.o

.debug_abbrev   0x0000000000000000     0x3014
 .debug_abbrev  0x0000000000000000      0x230 build/main.o
 .debug_abbrev  0x0000000000000230      0x151 build/gpio.o
 .debug_abbrev  0x0000000000000381      0x210 build/freertos.o
 .debug_abbrev  0x0000000000000591      0x1e7 build/usart.o
 .debug_abbrev  0x0000000000000778      0x183 build/stm32f4xx_it.o
 .debug_abbrev  0x00000000000008fb      0x11c build/stm32f4xx_hal_msp.o
 .debug_abbrev  0x0000000000000a17      0x202 build/stm32f4xx_hal_timebase_tim.o
 .debug_abbrev  0x0000000000000c19      0x2aa build/stm32f4xx_hal_rcc.o
 .debug_abbrev  0x0000000000000ec3      0x22b build/stm32f4xx_hal_gpio.o
 .debug_abbrev  0x00000000000010ee      0x2ff build/stm32f4xx_hal_dma.o
 .debug_abbrev  0x00000000000013ed      0x382 build/stm32f4xx_hal_cortex.o
 .debug_abbrev  0x000000000000176f      0x209 build/stm32f4xx_hal.o
 .debug_abbrev  0x0000000000001978      0x282 build/stm32f4xx_hal_tim.o
 .debug_abbrev  0x0000000000001bfa      0x298 build/stm32f4xx_hal_tim_ex.o
 .debug_abbrev  0x0000000000001e92      0x356 build/stm32f4xx_hal_uart.o
 .debug_abbrev  0x00000000000021e8      0x11b build/system_stm32f4xx.o
 .debug_abbrev  0x0000000000002303      0x124 build/list.o
 .debug_abbrev  0x0000000000002427      0x36b build/tasks.o
 .debug_abbrev  0x0000000000002792      0x37d build/cmsis_os.o
 .debug_abbrev  0x0000000000002b0f      0x269 build/heap_4.o
 .debug_abbrev  0x0000000000002d78      0x28a build/port.o
 .debug_abbrev  0x0000000000003002       0x12 build/startup_stm32f407xx.o

.debug_loc      0x0000000000000000    0x13c83
 .debug_loc     0x0000000000000000       0xc8 build/main.o
 .debug_loc     0x00000000000000c8       0x38 build/gpio.o
 .debug_loc     0x0000000000000100      0x14d build/freertos.o
 .debug_loc     0x000000000000024d      0x108 build/usart.o
 .debug_loc     0x0000000000000355       0x40 build/stm32f4xx_it.o
 .debug_loc     0x0000000000000395       0x38 build/stm32f4xx_hal_msp.o
 .debug_loc     0x00000000000003cd       0xe8 build/stm32f4xx_hal_timebase_tim.o
 .debug_loc     0x00000000000004b5      0x6e4 build/stm32f4xx_hal_rcc.o
 .debug_loc     0x0000000000000b99      0x5e8 build/stm32f4xx_hal_gpio.o
 .debug_loc     0x0000000000001181      0xd6d build/stm32f4xx_hal_dma.o
 .debug_loc     0x0000000000001eee      0x7a4 build/stm32f4xx_hal_cortex.o
 .debug_loc     0x0000000000002692      0x1e1 build/stm32f4xx_hal.o
 .debug_loc     0x0000000000002873     0x5ba0 build/stm32f4xx_hal_tim.o
 .debug_loc     0x0000000000008413     0x2137 build/stm32f4xx_hal_tim_ex.o
 .debug_loc     0x000000000000a54a     0x4fef build/stm32f4xx_hal_uart.o
 .debug_loc     0x000000000000f539      0x158 build/system_stm32f4xx.o
 .debug_loc     0x000000000000f691       0xe5 build/list.o
 .debug_loc     0x000000000000f776     0x2447 build/tasks.o
 .debug_loc     0x0000000000011bbd     0x1a22 build/cmsis_os.o
 .debug_loc     0x00000000000135df      0x4e4 build/heap_4.o
 .debug_loc     0x0000000000013ac3      0x1c0 build/port.o

.debug_aranges  0x0000000000000000     0x10b0
 .debug_aranges
                0x0000000000000000       0x38 build/main.o
 .debug_aranges
                0x0000000000000038       0x20 build/gpio.o
 .debug_aranges
                0x0000000000000058       0x48 build/freertos.o
 .debug_aranges
                0x00000000000000a0       0x30 build/usart.o
 .debug_aranges
                0x00000000000000d0       0x58 build/stm32f4xx_it.o
 .debug_aranges
                0x0000000000000128       0x20 build/stm32f4xx_hal_msp.o
 .debug_aranges
                0x0000000000000148       0x30 build/stm32f4xx_hal_timebase_tim.o
 .debug_aranges
                0x0000000000000178       0x88 build/stm32f4xx_hal_rcc.o
 .debug_aranges
                0x0000000000000200       0x58 build/stm32f4xx_hal_gpio.o
 .debug_aranges
                0x0000000000000258       0x90 build/stm32f4xx_hal_dma.o
 .debug_aranges
                0x00000000000002e8       0xa8 build/stm32f4xx_hal_cortex.o
 .debug_aranges
                0x0000000000000390       0xf0 build/stm32f4xx_hal.o
 .debug_aranges
                0x0000000000000480      0x3d0 build/stm32f4xx_hal_tim.o
 .debug_aranges
                0x0000000000000850      0x168 build/stm32f4xx_hal_tim_ex.o
 .debug_aranges
                0x00000000000009b8      0x200 build/stm32f4xx_hal_uart.o
 .debug_aranges
                0x0000000000000bb8       0x28 build/system_stm32f4xx.o
 .debug_aranges
                0x0000000000000be0       0x40 build/list.o
 .debug_aranges
                0x0000000000000c20      0x1b8 build/tasks.o
 .debug_aranges
                0x0000000000000dd8      0x1d8 build/cmsis_os.o
 .debug_aranges
                0x0000000000000fb0       0x58 build/heap_4.o
 .debug_aranges
                0x0000000000001008       0x80 build/port.o
 .debug_aranges
                0x0000000000001088       0x28 build/startup_stm32f407xx.o

.debug_ranges   0x0000000000000000     0x10d8
 .debug_ranges  0x0000000000000000       0x28 build/main.o
 .debug_ranges  0x0000000000000028       0x10 build/gpio.o
 .debug_ranges  0x0000000000000038       0x38 build/freertos.o
 .debug_ranges  0x0000000000000070       0x20 build/usart.o
 .debug_ranges  0x0000000000000090       0x48 build/stm32f4xx_it.o
 .debug_ranges  0x00000000000000d8       0x10 build/stm32f4xx_hal_msp.o
 .debug_ranges  0x00000000000000e8       0x20 build/stm32f4xx_hal_timebase_tim.o
 .debug_ranges  0x0000000000000108       0x90 build/stm32f4xx_hal_rcc.o
 .debug_ranges  0x0000000000000198       0x48 build/stm32f4xx_hal_gpio.o
 .debug_ranges  0x00000000000001e0       0x80 build/stm32f4xx_hal_dma.o
 .debug_ranges  0x0000000000000260       0xf8 build/stm32f4xx_hal_cortex.o
 .debug_ranges  0x0000000000000358       0xe0 build/stm32f4xx_hal.o
 .debug_ranges  0x0000000000000438      0x3c0 build/stm32f4xx_hal_tim.o
 .debug_ranges  0x00000000000007f8      0x158 build/stm32f4xx_hal_tim_ex.o
 .debug_ranges  0x0000000000000950      0x208 build/stm32f4xx_hal_uart.o
 .debug_ranges  0x0000000000000b58       0x18 build/system_stm32f4xx.o
 .debug_ranges  0x0000000000000b70       0x30 build/list.o
 .debug_ranges  0x0000000000000ba0      0x280 build/tasks.o
 .debug_ranges  0x0000000000000e20      0x1c8 build/cmsis_os.o
 .debug_ranges  0x0000000000000fe8       0x48 build/heap_4.o
 .debug_ranges  0x0000000000001030       0x88 build/port.o
 .debug_ranges  0x00000000000010b8       0x20 build/startup_stm32f407xx.o

.debug_line     0x0000000000000000    0x13193
 .debug_line    0x0000000000000000      0x35a build/main.o
 .debug_line    0x000000000000035a      0x164 build/gpio.o
 .debug_line    0x00000000000004be      0x381 build/freertos.o
 .debug_line    0x000000000000083f      0x29a build/usart.o
 .debug_line    0x0000000000000ad9      0x262 build/stm32f4xx_it.o
 .debug_line    0x0000000000000d3b      0x14a build/stm32f4xx_hal_msp.o
 .debug_line    0x0000000000000e85      0x280 build/stm32f4xx_hal_timebase_tim.o
 .debug_line    0x0000000000001105      0xac4 build/stm32f4xx_hal_rcc.o
 .debug_line    0x0000000000001bc9      0x695 build/stm32f4xx_hal_gpio.o
 .debug_line    0x000000000000225e      0xdd9 build/stm32f4xx_hal_dma.o
 .debug_line    0x0000000000003037      0x72c build/stm32f4xx_hal_cortex.o
 .debug_line    0x0000000000003763      0x519 build/stm32f4xx_hal.o
 .debug_line    0x0000000000003c7c     0x4a56 build/stm32f4xx_hal_tim.o
 .debug_line    0x00000000000086d2     0x1c7a build/stm32f4xx_hal_tim_ex.o
 .debug_line    0x000000000000a34c     0x45a2 build/stm32f4xx_hal_uart.o
 .debug_line    0x000000000000e8ee      0x204 build/system_stm32f4xx.o
 .debug_line    0x000000000000eaf2      0x30d build/list.o
 .debug_line    0x000000000000edff     0x2462 build/tasks.o
 .debug_line    0x0000000000011261     0x113e build/cmsis_os.o
 .debug_line    0x000000000001239f      0x6c0 build/heap_4.o
 .debug_line    0x0000000000012a5f      0x6be build/port.o
 .debug_line    0x000000000001311d       0x76 build/startup_stm32f407xx.o

.debug_str      0x0000000000000000     0x5979
 .debug_str     0x0000000000000000      0x948 build/main.o
                                        0xa04 (size before relaxing)
 .debug_str     0x0000000000000948       0xbf build/gpio.o
                                        0x36c (size before relaxing)
 .debug_str     0x0000000000000a07      0x553 build/freertos.o
                                        0x9ab (size before relaxing)
 .debug_str     0x0000000000000f5a      0x588 build/usart.o
                                        0xd26 (size before relaxing)
 .debug_str     0x00000000000014e2       0xd5 build/stm32f4xx_it.o
                                        0x987 (size before relaxing)
 .debug_str     0x00000000000015b7       0x29 build/stm32f4xx_hal_msp.o
                                        0x7be (size before relaxing)
 .debug_str     0x00000000000015e0      0x100 build/stm32f4xx_hal_timebase_tim.o
                                        0xe52 (size before relaxing)
 .debug_str     0x00000000000016e0      0x1f0 build/stm32f4xx_hal_rcc.o
                                        0x706 (size before relaxing)
 .debug_str     0x00000000000018d0      0x125 build/stm32f4xx_hal_gpio.o
                                        0x4e0 (size before relaxing)
 .debug_str     0x00000000000019f5      0x311 build/stm32f4xx_hal_dma.o
                                        0x776 (size before relaxing)
 .debug_str     0x0000000000001d06      0x4c5 build/stm32f4xx_hal_cortex.o
                                        0xc2c (size before relaxing)
 .debug_str     0x00000000000021cb      0x273 build/stm32f4xx_hal.o
                                        0xb5a (size before relaxing)
 .debug_str     0x000000000000243e      0xea4 build/stm32f4xx_hal_tim.o
                                       0x16b9 (size before relaxing)
 .debug_str     0x00000000000032e2      0x591 build/stm32f4xx_hal_tim_ex.o
                                        0xeba (size before relaxing)
 .debug_str     0x0000000000003873      0x5ba build/stm32f4xx_hal_uart.o
                                        0xd59 (size before relaxing)
 .debug_str     0x0000000000003e2d       0x47 build/system_stm32f4xx.o
                                        0x375 (size before relaxing)
 .debug_str     0x0000000000003e74      0x136 build/list.o
                                        0x302 (size before relaxing)
 .debug_str     0x0000000000003faa      0xc0b build/tasks.o
                                       0x101b (size before relaxing)
 .debug_str     0x0000000000004bb5      0x95b build/cmsis_os.o
                                       0x1049 (size before relaxing)
 .debug_str     0x0000000000005510      0x2c8 build/heap_4.o
                                        0x510 (size before relaxing)
 .debug_str     0x00000000000057d8      0x17d build/port.o
                                        0x47e (size before relaxing)
 .debug_str     0x0000000000005955       0x24 build/startup_stm32f407xx.o
                                         0x6a (size before relaxing)

.comment        0x0000000000000000       0x49
 .comment       0x0000000000000000       0x49 build/main.o
                                         0x4a (size before relaxing)
 .comment       0x0000000000000049       0x4a build/gpio.o
 .comment       0x0000000000000049       0x4a build/freertos.o
 .comment       0x0000000000000049       0x4a build/usart.o
 .comment       0x0000000000000049       0x4a build/stm32f4xx_it.o
 .comment       0x0000000000000049       0x4a build/stm32f4xx_hal_msp.o
 .comment       0x0000000000000049       0x4a build/stm32f4xx_hal_timebase_tim.o
 .comment       0x0000000000000049       0x4a build/stm32f4xx_hal_rcc.o
 .comment       0x0000000000000049       0x4a build/stm32f4xx_hal_gpio.o
 .comment       0x0000000000000049       0x4a build/stm32f4xx_hal_dma.o
 .comment       0x0000000000000049       0x4a build/stm32f4xx_hal_cortex.o
 .comment       0x0000000000000049       0x4a build/stm32f4xx_hal.o
 .comment       0x0000000000000049       0x4a build/stm32f4xx_hal_tim.o
 .comment       0x0000000000000049       0x4a build/stm32f4xx_hal_tim_ex.o
 .comment       0x0000000000000049       0x4a build/stm32f4xx_hal_uart.o
 .comment       0x0000000000000049       0x4a build/system_stm32f4xx.o
 .comment       0x0000000000000049       0x4a build/list.o
 .comment       0x0000000000000049       0x4a build/tasks.o
 .comment       0x0000000000000049       0x4a build/cmsis_os.o
 .comment       0x0000000000000049       0x4a build/heap_4.o
 .comment       0x0000000000000049       0x4a build/port.o

.debug_frame    0x0000000000000000     0x2d10
 .debug_frame   0x0000000000000000       0x70 build/main.o
 .debug_frame   0x0000000000000070       0x30 build/gpio.o
 .debug_frame   0x00000000000000a0       0xa0 build/freertos.o
 .debug_frame   0x0000000000000140       0x60 build/usart.o
 .debug_frame   0x00000000000001a0       0xa0 build/stm32f4xx_it.o
 .debug_frame   0x0000000000000240       0x2c build/stm32f4xx_hal_msp.o
 .debug_frame   0x000000000000026c       0x54 build/stm32f4xx_hal_timebase_tim.o
 .debug_frame   0x00000000000002c0      0x16c build/stm32f4xx_hal_rcc.o
 .debug_frame   0x000000000000042c       0xd8 build/stm32f4xx_hal_gpio.o
 .debug_frame   0x0000000000000504      0x188 build/stm32f4xx_hal_dma.o
 .debug_frame   0x000000000000068c      0x148 build/stm32f4xx_hal_cortex.o
 .debug_frame   0x00000000000007d4      0x1ec build/stm32f4xx_hal.o
 .debug_frame   0x00000000000009c0      0xb0c build/stm32f4xx_hal_tim.o
 .debug_frame   0x00000000000014cc      0x40c build/stm32f4xx_hal_tim_ex.o
 .debug_frame   0x00000000000018d8      0x5cc build/stm32f4xx_hal_uart.o
 .debug_frame   0x0000000000001ea4       0x30 build/system_stm32f4xx.o
 .debug_frame   0x0000000000001ed4       0x70 build/list.o
 .debug_frame   0x0000000000001f44      0x58c build/tasks.o
 .debug_frame   0x00000000000024d0      0x58c build/cmsis_os.o
 .debug_frame   0x0000000000002a5c       0xd0 build/heap_4.o
 .debug_frame   0x0000000000002b2c      0x110 build/port.o
 .debug_frame   0x0000000000002c3c       0x2c /opt/ARM-GCC/bin/../lib/gcc/arm-none-eabi/10.3.1/../../../../arm-none-eabi/lib/thumb/v7e-m+fp/hard/libc_nano.a(lib_a-init.o)
 .debug_frame   0x0000000000002c68       0x20 /opt/ARM-GCC/bin/../lib/gcc/arm-none-eabi/10.3.1/../../../../arm-none-eabi/lib/thumb/v7e-m+fp/hard/libc_nano.a(lib_a-memset.o)
 .debug_frame   0x0000000000002c88       0x28 /opt/ARM-GCC/bin/../lib/gcc/arm-none-eabi/10.3.1/../../../../arm-none-eabi/lib/thumb/v7e-m+fp/hard/libc_nano.a(lib_a-strncmp.o)
 .debug_frame   0x0000000000002cb0       0x2c /opt/ARM-GCC/bin/../lib/gcc/arm-none-eabi/10.3.1/thumb/v7e-m+fp/hard/libgcc.a(_aeabi_uldivmod.o)
 .debug_frame   0x0000000000002cdc       0x34 /opt/ARM-GCC/bin/../lib/gcc/arm-none-eabi/10.3.1/thumb/v7e-m+fp/hard/libgcc.a(_udivmoddi4.o)

Cross Reference Table

Symbol                                            File
ADC_IRQHandler                                    build/startup_stm32f407xx.o
AHBPrescTable                                     build/system_stm32f4xx.o
                                                  build/stm32f4xx_hal_rcc.o
APBPrescTable                                     build/system_stm32f4xx.o
                                                  build/stm32f4xx_hal_rcc.o
BusFault_Handler                                  build/stm32f4xx_it.o
CAN1_RX0_IRQHandler                               build/startup_stm32f407xx.o
CAN1_RX1_IRQHandler                               build/startup_stm32f407xx.o
CAN1_SCE_IRQHandler                               build/startup_stm32f407xx.o
CAN1_TX_IRQHandler                                build/startup_stm32f407xx.o
CAN2_RX0_IRQHandler                               build/startup_stm32f407xx.o
CAN2_RX1_IRQHandler                               build/startup_stm32f407xx.o
CAN2_SCE_IRQHandler                               build/startup_stm32f407xx.o
CAN2_TX_IRQHandler                                build/startup_stm32f407xx.o
DCMI_IRQHandler                                   build/startup_stm32f407xx.o
DMA1_Stream0_IRQHandler                           build/startup_stm32f407xx.o
DMA1_Stream1_IRQHandler                           build/startup_stm32f407xx.o
DMA1_Stream2_IRQHandler                           build/startup_stm32f407xx.o
DMA1_Stream3_IRQHandler                           build/startup_stm32f407xx.o
DMA1_Stream4_IRQHandler                           build/startup_stm32f407xx.o
DMA1_Stream5_IRQHandler                           build/startup_stm32f407xx.o
DMA1_Stream6_IRQHandler                           build/startup_stm32f407xx.o
DMA1_Stream7_IRQHandler                           build/startup_stm32f407xx.o
DMA2_Stream0_IRQHandler                           build/startup_stm32f407xx.o
DMA2_Stream1_IRQHandler                           build/startup_stm32f407xx.o
DMA2_Stream2_IRQHandler                           build/startup_stm32f407xx.o
DMA2_Stream3_IRQHandler                           build/startup_stm32f407xx.o
DMA2_Stream4_IRQHandler                           build/startup_stm32f407xx.o
DMA2_Stream5_IRQHandler                           build/startup_stm32f407xx.o
DMA2_Stream6_IRQHandler                           build/startup_stm32f407xx.o
DMA2_Stream7_IRQHandler                           build/startup_stm32f407xx.o
DebugMon_Handler                                  build/stm32f4xx_it.o
Default_Handler                                   build/startup_stm32f407xx.o
ETH_IRQHandler                                    build/startup_stm32f407xx.o
ETH_WKUP_IRQHandler                               build/startup_stm32f407xx.o
EXTI0_IRQHandler                                  build/startup_stm32f407xx.o
EXTI15_10_IRQHandler                              build/startup_stm32f407xx.o
EXTI1_IRQHandler                                  build/startup_stm32f407xx.o
EXTI2_IRQHandler                                  build/startup_stm32f407xx.o
EXTI3_IRQHandler                                  build/startup_stm32f407xx.o
EXTI4_IRQHandler                                  build/startup_stm32f407xx.o
EXTI9_5_IRQHandler                                build/startup_stm32f407xx.o
Error_Handler                                     build/main.o
                                                  build/usart.o
FLASH_Erase_Sector                                build/stm32f4xx_hal_flash_ex.o
                                                  build/stm32f4xx_hal_flash.o
FLASH_FlushCaches                                 build/stm32f4xx_hal_flash_ex.o
                                                  build/stm32f4xx_hal_flash.o
FLASH_IRQHandler                                  build/startup_stm32f407xx.o
FLASH_WaitForLastOperation                        build/stm32f4xx_hal_flash.o
                                                  build/stm32f4xx_hal_flash_ex.o
FPU_IRQHandler                                    build/startup_stm32f407xx.o
FSMC_IRQHandler                                   build/startup_stm32f407xx.o
HAL_DBGMCU_DisableDBGSleepMode                    build/stm32f4xx_hal.o
HAL_DBGMCU_DisableDBGStandbyMode                  build/stm32f4xx_hal.o
HAL_DBGMCU_DisableDBGStopMode                     build/stm32f4xx_hal.o
HAL_DBGMCU_EnableDBGSleepMode                     build/stm32f4xx_hal.o
HAL_DBGMCU_EnableDBGStandbyMode                   build/stm32f4xx_hal.o
HAL_DBGMCU_EnableDBGStopMode                      build/stm32f4xx_hal.o
HAL_DMAEx_ChangeMemory                            build/stm32f4xx_hal_dma_ex.o
HAL_DMAEx_MultiBufferStart                        build/stm32f4xx_hal_dma_ex.o
HAL_DMAEx_MultiBufferStart_IT                     build/stm32f4xx_hal_dma_ex.o
HAL_DMA_Abort                                     build/stm32f4xx_hal_dma.o
                                                  build/stm32f4xx_hal_uart.o
HAL_DMA_Abort_IT                                  build/stm32f4xx_hal_dma.o
                                                  build/stm32f4xx_hal_uart.o
                                                  build/stm32f4xx_hal_tim_ex.o
                                                  build/stm32f4xx_hal_tim.o
HAL_DMA_DeInit                                    build/stm32f4xx_hal_dma.o
HAL_DMA_GetError                                  build/stm32f4xx_hal_dma.o
                                                  build/stm32f4xx_hal_uart.o
HAL_DMA_GetState                                  build/stm32f4xx_hal_dma.o
HAL_DMA_IRQHandler                                build/stm32f4xx_hal_dma.o
HAL_DMA_Init                                      build/stm32f4xx_hal_dma.o
HAL_DMA_PollForTransfer                           build/stm32f4xx_hal_dma.o
HAL_DMA_RegisterCallback                          build/stm32f4xx_hal_dma.o
HAL_DMA_Start                                     build/stm32f4xx_hal_dma.o
HAL_DMA_Start_IT                                  build/stm32f4xx_hal_dma.o
                                                  build/stm32f4xx_hal_uart.o
                                                  build/stm32f4xx_hal_tim_ex.o
                                                  build/stm32f4xx_hal_tim.o
HAL_DMA_UnRegisterCallback                        build/stm32f4xx_hal_dma.o
HAL_DeInit                                        build/stm32f4xx_hal.o
HAL_Delay                                         build/stm32f4xx_hal.o
HAL_DisableCompensationCell                       build/stm32f4xx_hal.o
HAL_EXTI_ClearConfigLine                          build/stm32f4xx_hal_exti.o
HAL_EXTI_ClearPending                             build/stm32f4xx_hal_exti.o
HAL_EXTI_GenerateSWI                              build/stm32f4xx_hal_exti.o
HAL_EXTI_GetConfigLine                            build/stm32f4xx_hal_exti.o
HAL_EXTI_GetHandle                                build/stm32f4xx_hal_exti.o
HAL_EXTI_GetPending                               build/stm32f4xx_hal_exti.o
HAL_EXTI_IRQHandler                               build/stm32f4xx_hal_exti.o
HAL_EXTI_RegisterCallback                         build/stm32f4xx_hal_exti.o
HAL_EXTI_SetConfigLine                            build/stm32f4xx_hal_exti.o
HAL_EnableCompensationCell                        build/stm32f4xx_hal.o
HAL_FLASHEx_Erase                                 build/stm32f4xx_hal_flash_ex.o
HAL_FLASHEx_Erase_IT                              build/stm32f4xx_hal_flash_ex.o
HAL_FLASHEx_OBGetConfig                           build/stm32f4xx_hal_flash_ex.o
HAL_FLASHEx_OBProgram                             build/stm32f4xx_hal_flash_ex.o
HAL_FLASH_EndOfOperationCallback                  build/stm32f4xx_hal_flash.o
HAL_FLASH_GetError                                build/stm32f4xx_hal_flash.o
HAL_FLASH_IRQHandler                              build/stm32f4xx_hal_flash.o
HAL_FLASH_Lock                                    build/stm32f4xx_hal_flash.o
HAL_FLASH_OB_Launch                               build/stm32f4xx_hal_flash.o
HAL_FLASH_OB_Lock                                 build/stm32f4xx_hal_flash.o
HAL_FLASH_OB_Unlock                               build/stm32f4xx_hal_flash.o
HAL_FLASH_OperationErrorCallback                  build/stm32f4xx_hal_flash.o
HAL_FLASH_Program                                 build/stm32f4xx_hal_flash.o
HAL_FLASH_Program_IT                              build/stm32f4xx_hal_flash.o
HAL_FLASH_Unlock                                  build/stm32f4xx_hal_flash.o
HAL_GPIO_DeInit                                   build/stm32f4xx_hal_gpio.o
                                                  build/usart.o
HAL_GPIO_EXTI_Callback                            build/stm32f4xx_hal_gpio.o
HAL_GPIO_EXTI_IRQHandler                          build/stm32f4xx_hal_gpio.o
HAL_GPIO_Init                                     build/stm32f4xx_hal_gpio.o
                                                  build/stm32f4xx_hal_rcc.o
                                                  build/usart.o
                                                  build/gpio.o
HAL_GPIO_LockPin                                  build/stm32f4xx_hal_gpio.o
HAL_GPIO_ReadPin                                  build/stm32f4xx_hal_gpio.o
HAL_GPIO_TogglePin                                build/stm32f4xx_hal_gpio.o
HAL_GPIO_WritePin                                 build/stm32f4xx_hal_gpio.o
                                                  build/gpio.o
HAL_GetDEVID                                      build/stm32f4xx_hal.o
HAL_GetHalVersion                                 build/stm32f4xx_hal.o
HAL_GetREVID                                      build/stm32f4xx_hal.o
HAL_GetTick                                       build/stm32f4xx_hal.o
                                                  build/stm32f4xx_hal_uart.o
                                                  build/stm32f4xx_hal_pwr_ex.o
                                                  build/stm32f4xx_hal_dma.o
                                                  build/stm32f4xx_hal_flash.o
                                                  build/stm32f4xx_hal_rcc_ex.o
                                                  build/stm32f4xx_hal_rcc.o
HAL_GetTickFreq                                   build/stm32f4xx_hal.o
HAL_GetTickPrio                                   build/stm32f4xx_hal.o
HAL_GetUIDw0                                      build/stm32f4xx_hal.o
HAL_GetUIDw1                                      build/stm32f4xx_hal.o
HAL_GetUIDw2                                      build/stm32f4xx_hal.o
HAL_HalfDuplex_EnableReceiver                     build/stm32f4xx_hal_uart.o
HAL_HalfDuplex_EnableTransmitter                  build/stm32f4xx_hal_uart.o
HAL_HalfDuplex_Init                               build/stm32f4xx_hal_uart.o
HAL_IncTick                                       build/stm32f4xx_hal.o
                                                  build/main.o
HAL_Init                                          build/stm32f4xx_hal.o
                                                  build/main.o
HAL_InitTick                                      build/stm32f4xx_hal_timebase_tim.o
                                                  build/stm32f4xx_hal_rcc_ex.o
                                                  build/stm32f4xx_hal_rcc.o
HAL_LIN_Init                                      build/stm32f4xx_hal_uart.o
HAL_LIN_SendBreak                                 build/stm32f4xx_hal_uart.o
HAL_MPU_ConfigRegion                              build/stm32f4xx_hal_cortex.o
HAL_MPU_Disable                                   build/stm32f4xx_hal_cortex.o
HAL_MPU_Enable                                    build/stm32f4xx_hal_cortex.o
HAL_MspDeInit                                     build/stm32f4xx_hal.o
HAL_MspInit                                       build/stm32f4xx_hal_msp.o
HAL_MultiProcessor_EnterMuteMode                  build/stm32f4xx_hal_uart.o
HAL_MultiProcessor_ExitMuteMode                   build/stm32f4xx_hal_uart.o
HAL_MultiProcessor_Init                           build/stm32f4xx_hal_uart.o
HAL_NVIC_ClearPendingIRQ                          build/stm32f4xx_hal_cortex.o
HAL_NVIC_DisableIRQ                               build/stm32f4xx_hal_cortex.o
                                                  build/usart.o
HAL_NVIC_EnableIRQ                                build/stm32f4xx_hal_cortex.o
                                                  build/stm32f4xx_hal_timebase_tim.o
                                                  build/usart.o
HAL_NVIC_GetActive                                build/stm32f4xx_hal_cortex.o
HAL_NVIC_GetPendingIRQ                            build/stm32f4xx_hal_cortex.o
HAL_NVIC_GetPriority                              build/stm32f4xx_hal_cortex.o
HAL_NVIC_GetPriorityGrouping                      build/stm32f4xx_hal_cortex.o
HAL_NVIC_SetPendingIRQ                            build/stm32f4xx_hal_cortex.o
HAL_NVIC_SetPriority                              build/stm32f4xx_hal_cortex.o
                                                  build/stm32f4xx_hal.o
                                                  build/stm32f4xx_hal_timebase_tim.o
                                                  build/stm32f4xx_hal_msp.o
                                                  build/usart.o
HAL_NVIC_SetPriorityGrouping                      build/stm32f4xx_hal_cortex.o
                                                  build/stm32f4xx_hal.o
HAL_NVIC_SystemReset                              build/stm32f4xx_hal_cortex.o
HAL_PWREx_ControlVoltageScaling                   build/stm32f4xx_hal_pwr_ex.o
HAL_PWREx_DisableBkUpReg                          build/stm32f4xx_hal_pwr_ex.o
HAL_PWREx_DisableFlashPowerDown                   build/stm32f4xx_hal_pwr_ex.o
HAL_PWREx_EnableBkUpReg                           build/stm32f4xx_hal_pwr_ex.o
HAL_PWREx_EnableFlashPowerDown                    build/stm32f4xx_hal_pwr_ex.o
HAL_PWREx_GetVoltageRange                         build/stm32f4xx_hal_pwr_ex.o
HAL_PWR_ConfigPVD                                 build/stm32f4xx_hal_pwr.o
HAL_PWR_DeInit                                    build/stm32f4xx_hal_pwr.o
HAL_PWR_DisableBkUpAccess                         build/stm32f4xx_hal_pwr.o
HAL_PWR_DisablePVD                                build/stm32f4xx_hal_pwr.o
HAL_PWR_DisableSEVOnPend                          build/stm32f4xx_hal_pwr.o
HAL_PWR_DisableSleepOnExit                        build/stm32f4xx_hal_pwr.o
HAL_PWR_DisableWakeUpPin                          build/stm32f4xx_hal_pwr.o
HAL_PWR_EnableBkUpAccess                          build/stm32f4xx_hal_pwr.o
HAL_PWR_EnablePVD                                 build/stm32f4xx_hal_pwr.o
HAL_PWR_EnableSEVOnPend                           build/stm32f4xx_hal_pwr.o
HAL_PWR_EnableSleepOnExit                         build/stm32f4xx_hal_pwr.o
HAL_PWR_EnableWakeUpPin                           build/stm32f4xx_hal_pwr.o
HAL_PWR_EnterSLEEPMode                            build/stm32f4xx_hal_pwr.o
HAL_PWR_EnterSTANDBYMode                          build/stm32f4xx_hal_pwr.o
HAL_PWR_EnterSTOPMode                             build/stm32f4xx_hal_pwr.o
HAL_PWR_PVDCallback                               build/stm32f4xx_hal_pwr.o
HAL_PWR_PVD_IRQHandler                            build/stm32f4xx_hal_pwr.o
HAL_RCCEx_DisablePLLI2S                           build/stm32f4xx_hal_rcc_ex.o
HAL_RCCEx_EnablePLLI2S                            build/stm32f4xx_hal_rcc_ex.o
HAL_RCCEx_GetPeriphCLKConfig                      build/stm32f4xx_hal_rcc_ex.o
HAL_RCCEx_GetPeriphCLKFreq                        build/stm32f4xx_hal_rcc_ex.o
HAL_RCCEx_PeriphCLKConfig                         build/stm32f4xx_hal_rcc_ex.o
HAL_RCC_CSSCallback                               build/stm32f4xx_hal_rcc.o
HAL_RCC_ClockConfig                               build/stm32f4xx_hal_rcc.o
                                                  build/main.o
HAL_RCC_DeInit                                    build/stm32f4xx_hal_rcc_ex.o
                                                  build/stm32f4xx_hal_rcc.o
HAL_RCC_DisableCSS                                build/stm32f4xx_hal_rcc.o
HAL_RCC_EnableCSS                                 build/stm32f4xx_hal_rcc.o
HAL_RCC_GetClockConfig                            build/stm32f4xx_hal_rcc.o
                                                  build/stm32f4xx_hal_timebase_tim.o
HAL_RCC_GetHCLKFreq                               build/stm32f4xx_hal_rcc.o
HAL_RCC_GetOscConfig                              build/stm32f4xx_hal_rcc.o
HAL_RCC_GetPCLK1Freq                              build/stm32f4xx_hal_rcc.o
                                                  build/stm32f4xx_hal_uart.o
HAL_RCC_GetPCLK2Freq                              build/stm32f4xx_hal_rcc.o
                                                  build/stm32f4xx_hal_uart.o
                                                  build/stm32f4xx_hal_timebase_tim.o
HAL_RCC_GetSysClockFreq                           build/stm32f4xx_hal_rcc.o
HAL_RCC_MCOConfig                                 build/stm32f4xx_hal_rcc.o
HAL_RCC_NMI_IRQHandler                            build/stm32f4xx_hal_rcc.o
HAL_RCC_OscConfig                                 build/stm32f4xx_hal_rcc.o
                                                  build/main.o
HAL_ResumeTick                                    build/stm32f4xx_hal_timebase_tim.o
HAL_SYSTICK_CLKSourceConfig                       build/stm32f4xx_hal_cortex.o
HAL_SYSTICK_Callback                              build/stm32f4xx_hal_cortex.o
HAL_SYSTICK_Config                                build/stm32f4xx_hal_cortex.o
                                                  build/stm32f4xx_hal.o
HAL_SYSTICK_IRQHandler                            build/stm32f4xx_hal_cortex.o
HAL_SetTickFreq                                   build/stm32f4xx_hal.o
HAL_SuspendTick                                   build/stm32f4xx_hal_timebase_tim.o
HAL_TIMEx_BreakCallback                           build/stm32f4xx_hal_tim_ex.o
                                                  build/stm32f4xx_hal_tim.o
HAL_TIMEx_CommutCallback                          build/stm32f4xx_hal_tim_ex.o
                                                  build/stm32f4xx_hal_tim.o
HAL_TIMEx_CommutHalfCpltCallback                  build/stm32f4xx_hal_tim_ex.o
HAL_TIMEx_ConfigBreakDeadTime                     build/stm32f4xx_hal_tim_ex.o
HAL_TIMEx_ConfigCommutEvent                       build/stm32f4xx_hal_tim_ex.o
HAL_TIMEx_ConfigCommutEvent_DMA                   build/stm32f4xx_hal_tim_ex.o
HAL_TIMEx_ConfigCommutEvent_IT                    build/stm32f4xx_hal_tim_ex.o
HAL_TIMEx_GetChannelNState                        build/stm32f4xx_hal_tim_ex.o
HAL_TIMEx_HallSensor_DeInit                       build/stm32f4xx_hal_tim_ex.o
HAL_TIMEx_HallSensor_GetState                     build/stm32f4xx_hal_tim_ex.o
HAL_TIMEx_HallSensor_Init                         build/stm32f4xx_hal_tim_ex.o
HAL_TIMEx_HallSensor_MspDeInit                    build/stm32f4xx_hal_tim_ex.o
HAL_TIMEx_HallSensor_MspInit                      build/stm32f4xx_hal_tim_ex.o
HAL_TIMEx_HallSensor_Start                        build/stm32f4xx_hal_tim_ex.o
HAL_TIMEx_HallSensor_Start_DMA                    build/stm32f4xx_hal_tim_ex.o
HAL_TIMEx_HallSensor_Start_IT                     build/stm32f4xx_hal_tim_ex.o
HAL_TIMEx_HallSensor_Stop                         build/stm32f4xx_hal_tim_ex.o
HAL_TIMEx_HallSensor_Stop_DMA                     build/stm32f4xx_hal_tim_ex.o
HAL_TIMEx_HallSensor_Stop_IT                      build/stm32f4xx_hal_tim_ex.o
HAL_TIMEx_MasterConfigSynchronization             build/stm32f4xx_hal_tim_ex.o
HAL_TIMEx_OCN_Start                               build/stm32f4xx_hal_tim_ex.o
HAL_TIMEx_OCN_Start_DMA                           build/stm32f4xx_hal_tim_ex.o
HAL_TIMEx_OCN_Start_IT                            build/stm32f4xx_hal_tim_ex.o
HAL_TIMEx_OCN_Stop                                build/stm32f4xx_hal_tim_ex.o
HAL_TIMEx_OCN_Stop_DMA                            build/stm32f4xx_hal_tim_ex.o
HAL_TIMEx_OCN_Stop_IT                             build/stm32f4xx_hal_tim_ex.o
HAL_TIMEx_OnePulseN_Start                         build/stm32f4xx_hal_tim_ex.o
HAL_TIMEx_OnePulseN_Start_IT                      build/stm32f4xx_hal_tim_ex.o
HAL_TIMEx_OnePulseN_Stop                          build/stm32f4xx_hal_tim_ex.o
HAL_TIMEx_OnePulseN_Stop_IT                       build/stm32f4xx_hal_tim_ex.o
HAL_TIMEx_PWMN_Start                              build/stm32f4xx_hal_tim_ex.o
HAL_TIMEx_PWMN_Start_DMA                          build/stm32f4xx_hal_tim_ex.o
HAL_TIMEx_PWMN_Start_IT                           build/stm32f4xx_hal_tim_ex.o
HAL_TIMEx_PWMN_Stop                               build/stm32f4xx_hal_tim_ex.o
HAL_TIMEx_PWMN_Stop_DMA                           build/stm32f4xx_hal_tim_ex.o
HAL_TIMEx_PWMN_Stop_IT                            build/stm32f4xx_hal_tim_ex.o
HAL_TIMEx_RemapConfig                             build/stm32f4xx_hal_tim_ex.o
HAL_TIM_Base_DeInit                               build/stm32f4xx_hal_tim.o
HAL_TIM_Base_GetState                             build/stm32f4xx_hal_tim.o
HAL_TIM_Base_Init                                 build/stm32f4xx_hal_tim.o
                                                  build/stm32f4xx_hal_timebase_tim.o
HAL_TIM_Base_MspDeInit                            build/stm32f4xx_hal_tim.o
HAL_TIM_Base_MspInit                              build/stm32f4xx_hal_tim.o
HAL_TIM_Base_Start                                build/stm32f4xx_hal_tim.o
HAL_TIM_Base_Start_DMA                            build/stm32f4xx_hal_tim.o
HAL_TIM_Base_Start_IT                             build/stm32f4xx_hal_tim.o
                                                  build/stm32f4xx_hal_timebase_tim.o
HAL_TIM_Base_Stop                                 build/stm32f4xx_hal_tim.o
HAL_TIM_Base_Stop_DMA                             build/stm32f4xx_hal_tim.o
HAL_TIM_Base_Stop_IT                              build/stm32f4xx_hal_tim.o
HAL_TIM_ConfigClockSource                         build/stm32f4xx_hal_tim.o
HAL_TIM_ConfigOCrefClear                          build/stm32f4xx_hal_tim.o
HAL_TIM_ConfigTI1Input                            build/stm32f4xx_hal_tim.o
HAL_TIM_DMABurstState                             build/stm32f4xx_hal_tim.o
HAL_TIM_DMABurst_MultiReadStart                   build/stm32f4xx_hal_tim.o
HAL_TIM_DMABurst_MultiWriteStart                  build/stm32f4xx_hal_tim.o
HAL_TIM_DMABurst_ReadStart                        build/stm32f4xx_hal_tim.o
HAL_TIM_DMABurst_ReadStop                         build/stm32f4xx_hal_tim.o
HAL_TIM_DMABurst_WriteStart                       build/stm32f4xx_hal_tim.o
HAL_TIM_DMABurst_WriteStop                        build/stm32f4xx_hal_tim.o
HAL_TIM_Encoder_DeInit                            build/stm32f4xx_hal_tim.o
HAL_TIM_Encoder_GetState                          build/stm32f4xx_hal_tim.o
HAL_TIM_Encoder_Init                              build/stm32f4xx_hal_tim.o
HAL_TIM_Encoder_MspDeInit                         build/stm32f4xx_hal_tim.o
HAL_TIM_Encoder_MspInit                           build/stm32f4xx_hal_tim.o
HAL_TIM_Encoder_Start                             build/stm32f4xx_hal_tim.o
HAL_TIM_Encoder_Start_DMA                         build/stm32f4xx_hal_tim.o
HAL_TIM_Encoder_Start_IT                          build/stm32f4xx_hal_tim.o
HAL_TIM_Encoder_Stop                              build/stm32f4xx_hal_tim.o
HAL_TIM_Encoder_Stop_DMA                          build/stm32f4xx_hal_tim.o
HAL_TIM_Encoder_Stop_IT                           build/stm32f4xx_hal_tim.o
HAL_TIM_ErrorCallback                             build/stm32f4xx_hal_tim.o
                                                  build/stm32f4xx_hal_tim_ex.o
HAL_TIM_GenerateEvent                             build/stm32f4xx_hal_tim.o
HAL_TIM_GetActiveChannel                          build/stm32f4xx_hal_tim.o
HAL_TIM_GetChannelState                           build/stm32f4xx_hal_tim.o
HAL_TIM_IC_CaptureCallback                        build/stm32f4xx_hal_tim.o
HAL_TIM_IC_CaptureHalfCpltCallback                build/stm32f4xx_hal_tim.o
HAL_TIM_IC_ConfigChannel                          build/stm32f4xx_hal_tim.o
HAL_TIM_IC_DeInit                                 build/stm32f4xx_hal_tim.o
HAL_TIM_IC_GetState                               build/stm32f4xx_hal_tim.o
HAL_TIM_IC_Init                                   build/stm32f4xx_hal_tim.o
HAL_TIM_IC_MspDeInit                              build/stm32f4xx_hal_tim.o
HAL_TIM_IC_MspInit                                build/stm32f4xx_hal_tim.o
HAL_TIM_IC_Start                                  build/stm32f4xx_hal_tim.o
HAL_TIM_IC_Start_DMA                              build/stm32f4xx_hal_tim.o
HAL_TIM_IC_Start_IT                               build/stm32f4xx_hal_tim.o
HAL_TIM_IC_Stop                                   build/stm32f4xx_hal_tim.o
HAL_TIM_IC_Stop_DMA                               build/stm32f4xx_hal_tim.o
HAL_TIM_IC_Stop_IT                                build/stm32f4xx_hal_tim.o
HAL_TIM_IRQHandler                                build/stm32f4xx_hal_tim.o
                                                  build/stm32f4xx_it.o
HAL_TIM_OC_ConfigChannel                          build/stm32f4xx_hal_tim.o
HAL_TIM_OC_DeInit                                 build/stm32f4xx_hal_tim.o
HAL_TIM_OC_DelayElapsedCallback                   build/stm32f4xx_hal_tim.o
HAL_TIM_OC_GetState                               build/stm32f4xx_hal_tim.o
HAL_TIM_OC_Init                                   build/stm32f4xx_hal_tim.o
HAL_TIM_OC_MspDeInit                              build/stm32f4xx_hal_tim.o
HAL_TIM_OC_MspInit                                build/stm32f4xx_hal_tim.o
HAL_TIM_OC_Start                                  build/stm32f4xx_hal_tim.o
HAL_TIM_OC_Start_DMA                              build/stm32f4xx_hal_tim.o
HAL_TIM_OC_Start_IT                               build/stm32f4xx_hal_tim.o
HAL_TIM_OC_Stop                                   build/stm32f4xx_hal_tim.o
HAL_TIM_OC_Stop_DMA                               build/stm32f4xx_hal_tim.o
HAL_TIM_OC_Stop_IT                                build/stm32f4xx_hal_tim.o
HAL_TIM_OnePulse_ConfigChannel                    build/stm32f4xx_hal_tim.o
HAL_TIM_OnePulse_DeInit                           build/stm32f4xx_hal_tim.o
HAL_TIM_OnePulse_GetState                         build/stm32f4xx_hal_tim.o
HAL_TIM_OnePulse_Init                             build/stm32f4xx_hal_tim.o
HAL_TIM_OnePulse_MspDeInit                        build/stm32f4xx_hal_tim.o
HAL_TIM_OnePulse_MspInit                          build/stm32f4xx_hal_tim.o
HAL_TIM_OnePulse_Start                            build/stm32f4xx_hal_tim.o
HAL_TIM_OnePulse_Start_IT                         build/stm32f4xx_hal_tim.o
HAL_TIM_OnePulse_Stop                             build/stm32f4xx_hal_tim.o
HAL_TIM_OnePulse_Stop_IT                          build/stm32f4xx_hal_tim.o
HAL_TIM_PWM_ConfigChannel                         build/stm32f4xx_hal_tim.o
HAL_TIM_PWM_DeInit                                build/stm32f4xx_hal_tim.o
HAL_TIM_PWM_GetState                              build/stm32f4xx_hal_tim.o
HAL_TIM_PWM_Init                                  build/stm32f4xx_hal_tim.o
HAL_TIM_PWM_MspDeInit                             build/stm32f4xx_hal_tim.o
HAL_TIM_PWM_MspInit                               build/stm32f4xx_hal_tim.o
HAL_TIM_PWM_PulseFinishedCallback                 build/stm32f4xx_hal_tim.o
                                                  build/stm32f4xx_hal_tim_ex.o
HAL_TIM_PWM_PulseFinishedHalfCpltCallback         build/stm32f4xx_hal_tim.o
HAL_TIM_PWM_Start                                 build/stm32f4xx_hal_tim.o
HAL_TIM_PWM_Start_DMA                             build/stm32f4xx_hal_tim.o
HAL_TIM_PWM_Start_IT                              build/stm32f4xx_hal_tim.o
HAL_TIM_PWM_Stop                                  build/stm32f4xx_hal_tim.o
HAL_TIM_PWM_Stop_DMA                              build/stm32f4xx_hal_tim.o
HAL_TIM_PWM_Stop_IT                               build/stm32f4xx_hal_tim.o
HAL_TIM_PeriodElapsedCallback                     build/main.o
HAL_TIM_PeriodElapsedHalfCpltCallback             build/stm32f4xx_hal_tim.o
HAL_TIM_ReadCapturedValue                         build/stm32f4xx_hal_tim.o
HAL_TIM_SlaveConfigSynchro                        build/stm32f4xx_hal_tim.o
HAL_TIM_SlaveConfigSynchro_IT                     build/stm32f4xx_hal_tim.o
HAL_TIM_TriggerCallback                           build/stm32f4xx_hal_tim.o
HAL_TIM_TriggerHalfCpltCallback                   build/stm32f4xx_hal_tim.o
HAL_UARTEx_ReceiveToIdle                          build/stm32f4xx_hal_uart.o
HAL_UARTEx_ReceiveToIdle_DMA                      build/stm32f4xx_hal_uart.o
HAL_UARTEx_ReceiveToIdle_IT                       build/stm32f4xx_hal_uart.o
HAL_UARTEx_RxEventCallback                        build/stm32f4xx_hal_uart.o
HAL_UART_Abort                                    build/stm32f4xx_hal_uart.o
HAL_UART_AbortCpltCallback                        build/stm32f4xx_hal_uart.o
HAL_UART_AbortReceive                             build/stm32f4xx_hal_uart.o
HAL_UART_AbortReceiveCpltCallback                 build/stm32f4xx_hal_uart.o
HAL_UART_AbortReceive_IT                          build/stm32f4xx_hal_uart.o
HAL_UART_AbortTransmit                            build/stm32f4xx_hal_uart.o
HAL_UART_AbortTransmitCpltCallback                build/stm32f4xx_hal_uart.o
HAL_UART_AbortTransmit_IT                         build/stm32f4xx_hal_uart.o
HAL_UART_Abort_IT                                 build/stm32f4xx_hal_uart.o
HAL_UART_DMAPause                                 build/stm32f4xx_hal_uart.o
HAL_UART_DMAResume                                build/stm32f4xx_hal_uart.o
HAL_UART_DMAStop                                  build/stm32f4xx_hal_uart.o
HAL_UART_DeInit                                   build/stm32f4xx_hal_uart.o
HAL_UART_ErrorCallback                            build/stm32f4xx_hal_uart.o
HAL_UART_GetError                                 build/stm32f4xx_hal_uart.o
HAL_UART_GetState                                 build/stm32f4xx_hal_uart.o
HAL_UART_IRQHandler                               build/stm32f4xx_hal_uart.o
                                                  build/stm32f4xx_it.o
HAL_UART_Init                                     build/stm32f4xx_hal_uart.o
                                                  build/usart.o
HAL_UART_MspDeInit                                build/usart.o
HAL_UART_MspInit                                  build/usart.o
HAL_UART_Receive                                  build/stm32f4xx_hal_uart.o
HAL_UART_Receive_DMA                              build/stm32f4xx_hal_uart.o
HAL_UART_Receive_IT                               build/stm32f4xx_hal_uart.o
                                                  build/freertos.o
HAL_UART_RxCpltCallback                           build/freertos.o
HAL_UART_RxHalfCpltCallback                       build/stm32f4xx_hal_uart.o
HAL_UART_Transmit                                 build/stm32f4xx_hal_uart.o
HAL_UART_Transmit_DMA                             build/stm32f4xx_hal_uart.o
HAL_UART_Transmit_IT                              build/stm32f4xx_hal_uart.o
HAL_UART_TxCpltCallback                           build/stm32f4xx_hal_uart.o
HAL_UART_TxHalfCpltCallback                       build/stm32f4xx_hal_uart.o
HASH_RNG_IRQHandler                               build/startup_stm32f407xx.o
HardFault_Handler                                 build/stm32f4xx_it.o
I2C1_ER_IRQHandler                                build/startup_stm32f407xx.o
I2C1_EV_IRQHandler                                build/startup_stm32f407xx.o
I2C2_ER_IRQHandler                                build/startup_stm32f407xx.o
I2C2_EV_IRQHandler                                build/startup_stm32f407xx.o
I2C3_ER_IRQHandler                                build/startup_stm32f407xx.o
I2C3_EV_IRQHandler                                build/startup_stm32f407xx.o
LedBlinkTaskHandle                                build/freertos.o
LedOffTaskHandle                                  build/freertos.o
LedOnTaskHandle                                   build/freertos.o
MX_FREERTOS_Init                                  build/freertos.o
                                                  build/main.o
MX_GPIO_Init                                      build/gpio.o
                                                  build/main.o
MX_USART1_UART_Init                               build/usart.o
                                                  build/main.o
MemManage_Handler                                 build/stm32f4xx_it.o
NMI_Handler                                       build/stm32f4xx_it.o
OTG_FS_IRQHandler                                 build/startup_stm32f407xx.o
OTG_FS_WKUP_IRQHandler                            build/startup_stm32f407xx.o
OTG_HS_EP1_IN_IRQHandler                          build/startup_stm32f407xx.o
OTG_HS_EP1_OUT_IRQHandler                         build/startup_stm32f407xx.o
OTG_HS_IRQHandler                                 build/startup_stm32f407xx.o
OTG_HS_WKUP_IRQHandler                            build/startup_stm32f407xx.o
PVD_IRQHandler                                    build/startup_stm32f407xx.o
PendSV_Handler                                    build/port.o
RCC_IRQHandler                                    build/startup_stm32f407xx.o
RTC_Alarm_IRQHandler                              build/startup_stm32f407xx.o
RTC_WKUP_IRQHandler                               build/startup_stm32f407xx.o
Reset_Handler                                     build/startup_stm32f407xx.o
SDIO_IRQHandler                                   build/startup_stm32f407xx.o
SPI1_IRQHandler                                   build/startup_stm32f407xx.o
SPI2_IRQHandler                                   build/startup_stm32f407xx.o
SPI3_IRQHandler                                   build/startup_stm32f407xx.o
SVC_Handler                                       build/port.o
SysTick_Handler                                   build/port.o
                                                  build/cmsis_os.o
SystemClock_Config                                build/main.o
SystemCoreClock                                   build/system_stm32f4xx.o
                                                  build/port.o
                                                  build/stm32f4xx_hal.o
                                                  build/stm32f4xx_hal_dma.o
                                                  build/stm32f4xx_hal_rcc_ex.o
                                                  build/stm32f4xx_hal_rcc.o
SystemCoreClockUpdate                             build/system_stm32f4xx.o
SystemInit                                        build/system_stm32f4xx.o
                                                  build/startup_stm32f407xx.o
TAMP_STAMP_IRQHandler                             build/startup_stm32f407xx.o
TIM1_BRK_TIM9_IRQHandler                          build/startup_stm32f407xx.o
TIM1_CC_IRQHandler                                build/startup_stm32f407xx.o
TIM1_TRG_COM_TIM11_IRQHandler                     build/startup_stm32f407xx.o
TIM1_UP_TIM10_IRQHandler                          build/stm32f4xx_it.o
TIM2_IRQHandler                                   build/startup_stm32f407xx.o
TIM3_IRQHandler                                   build/startup_stm32f407xx.o
TIM4_IRQHandler                                   build/startup_stm32f407xx.o
TIM5_IRQHandler                                   build/startup_stm32f407xx.o
TIM6_DAC_IRQHandler                               build/startup_stm32f407xx.o
TIM7_IRQHandler                                   build/startup_stm32f407xx.o
TIM8_BRK_TIM12_IRQHandler                         build/startup_stm32f407xx.o
TIM8_CC_IRQHandler                                build/startup_stm32f407xx.o
TIM8_TRG_COM_TIM14_IRQHandler                     build/startup_stm32f407xx.o
TIM8_UP_TIM13_IRQHandler                          build/startup_stm32f407xx.o
TIMEx_DMACommutationCplt                          build/stm32f4xx_hal_tim_ex.o
                                                  build/stm32f4xx_hal_tim.o
TIMEx_DMACommutationHalfCplt                      build/stm32f4xx_hal_tim_ex.o
                                                  build/stm32f4xx_hal_tim.o
TIM_Base_SetConfig                                build/stm32f4xx_hal_tim.o
                                                  build/stm32f4xx_hal_tim_ex.o
TIM_CCxChannelCmd                                 build/stm32f4xx_hal_tim.o
                                                  build/stm32f4xx_hal_tim_ex.o
TIM_DMACaptureCplt                                build/stm32f4xx_hal_tim.o
                                                  build/stm32f4xx_hal_tim_ex.o
TIM_DMACaptureHalfCplt                            build/stm32f4xx_hal_tim.o
                                                  build/stm32f4xx_hal_tim_ex.o
TIM_DMADelayPulseHalfCplt                         build/stm32f4xx_hal_tim.o
                                                  build/stm32f4xx_hal_tim_ex.o